Microsoft Windows [Version 10.0.26100.4652]
(c) Microsoft Corporation. All rights reserved.

C:\Users\amole>cd Documents\code\scripts2

C:\Users\amole\Documents\code\scripts2>cd posts-mgr

C:\Users\amole\Documents\code\scripts2\posts-mgr>node mgr.html
C:\Users\amole\Documents\code\scripts2\posts-mgr\mgr.html:1
<html>
^

SyntaxError: Unexpected token '<'
    at wrapSafe (node:internal/modules/cjs/loader:1469:18)
    at Module._compile (node:internal/modules/cjs/loader:1491:20)
    at Object..js (node:internal/modules/cjs/loader:1689:10)
    at Module.load (node:internal/modules/cjs/loader:1318:32)
    at Function._load (node:internal/modules/cjs/loader:1128:12)
    at TracingChannel.traceSync (node:diagnostics_channel:315:14)
    at wrapModuleLoad (node:internal/modules/cjs/loader:218:24)
    at Function.executeUserEntryPoint [as runMain] (node:internal/modules/run_main:170:5)
    at node:internal/main/run_main_module:36:49

Node.js v22.10.0

C:\Users\amole\Documents\code\scripts2\posts-mgr>node -h
Usage: node [options] [ script.js ] [arguments]
       node inspect [options] [ script.js | host:port ] [arguments]

Options:
  -                                   script read from stdin (default if no file name is
                                      provided, interactive mode if a tty)
  --                                  indicate the end of node options
  --abort-on-uncaught-exception       aborting instead of exiting causes a core file to
                                      be generated for analysis
  --allow-addons                      allow use of addons when any permissions are set
  --allow-child-process               allow use of child process when any permissions are
                                      set
  --allow-fs-read=...                 allow permissions to read the filesystem
  --allow-fs-write=...                allow permissions to write in the filesystem
  --allow-wasi                        allow wasi when any permissions are set
  --allow-worker                      allow worker threads when any permissions are set
  --build-snapshot                    Generate a snapshot blob when the process exits.
  --build-snapshot-config=...         Generate a snapshot blob when the process exits
                                      using aJSON configuration in the specified path.
  -c, --check                         syntax check script without executing
  --completion-bash                   print source-able bash completion script
  -C, --conditions=...                additional user conditions for conditional exports
                                      and imports
  --cpu-prof                          Start the V8 CPU profiler on start up, and write
                                      the CPU profile to disk before exit. If
                                      --cpu-prof-dir is not specified, write the profile
                                      to the current working directory.
  --cpu-prof-dir=...                  Directory where the V8 profiles generated by
                                      --cpu-prof will be placed. Does not affect --prof.
  --cpu-prof-interval=...             specified sampling interval in microseconds for the
                                      V8 CPU profile generated with --cpu-prof. (default:
                                      1000)
  --cpu-prof-name=...                 specified file name of the V8 CPU profile generated
                                      with --cpu-prof
  --diagnostic-dir=...                set dir for all output files (default: current
                                      working directory)
  --disable-proto=...                 disable Object.prototype.__proto__
  --disable-warning=...               silence specific process warnings
  --disable-wasm-trap-handler         Disable trap-handler-based WebAssembly bound
                                      checks. V8 will insert inline bound checks when
                                      compiling WebAssembly which may slow down
                                      performance.
  --disallow-code-generation-from-strings
                                      disallow eval and friends
  --dns-result-order=...              set default value of verbatim in dns.lookup.
                                      Options are 'ipv4first' (IPv4 addresses are placed
                                      before IPv6 addresses) 'ipv6first' (IPv6 addresses
                                      are placed before IPv4 addresses) 'verbatim'
                                      (addresses are in the order the DNS resolver
                                      returned)
  --enable-etw-stack-walking          provides heap data to ETW Windows native tracing
  --enable-fips                       enable FIPS crypto at startup
  --enable-source-maps                Source Map V3 support for stack traces
  --entry-url                         Treat the entrypoint as a URL
  --env-file=...                      set environment variables from supplied file
  --env-file-if-exists=...            set environment variables from supplied file
  -e, --eval=...                      evaluate script
  --experimental-async-context-frame  Improve AsyncLocalStorage performance with
                                      AsyncContextFrame
  --experimental-default-type=...     set module system to use by default
  --experimental-eventsource          experimental EventSource API
  --experimental-import-meta-resolve  experimental ES Module import.meta.resolve()
                                      parentURL support
  --loader, --experimental-loader=... use the specified module as a custom loader
  --experimental-network-inspection   experimental network inspection support
  --experimental-permission           enable the permission system
  --experimental-print-required-tla   Print pending top-level await. If
                                      --experimental-require-module is true, evaluate
                                      asynchronous graphs loaded by `require()` but do
                                      not run the microtasks, in order to to find and
                                      print top-level await in the graph
  --experimental-require-module       Allow loading explicit ES Modules in require().
  --experimental-sea-config=...       Generate a blob that can be embedded into the
                                      single executable application
  --experimental-sqlite               experimental node:sqlite module
  --experimental-strip-types          Experimental type-stripping for TypeScript files.
  --experimental-test-coverage        enable code coverage in the test runner
  --experimental-test-isolation=...   configures the type of test isolation used in the
                                      test runner
  --experimental-test-module-mocks    enable module mocking in the test runner
  --experimental-test-snapshots       enable snapshot testing in the test runner
  --experimental-transform-types      enable transformation of TypeScript-onlysyntax into
                                      JavaScript code
  --experimental-vm-modules           experimental ES Module support in vm module
  --experimental-wasm-modules         experimental ES Module support for webassembly
                                      modules
  --experimental-webstorage           experimental Web Storage API
  --expose-gc                         expose gc extension
  --force-context-aware               disable loading non-context-aware addons
  --force-fips                        force FIPS crypto (cannot be disabled)
  --force-node-api-uncaught-exceptions-policy
                                      enforces 'uncaughtException' event on Node API
                                      asynchronous callbacks
  --frozen-intrinsics                 experimental frozen intrinsics support
  --heap-prof                         Start the V8 heap profiler on start up, and write
                                      the heap profile to disk before exit. If
                                      --heap-prof-dir is not specified, write the profile
                                      to the current working directory.
  --heap-prof-dir=...                 Directory where the V8 heap profiles generated by
                                      --heap-prof will be placed.
  --heap-prof-interval=...            specified sampling interval in bytes for the V8
                                      heap profile generated with --heap-prof. (default:
                                      512 * 1024)
  --heap-prof-name=...                specified file name of the V8 heap profile
                                      generated with --heap-prof
  --heapsnapshot-near-heap-limit=...  Generate heap snapshots whenever V8 is approaching
                                      the heap limit. No more than the specified number
                                      of heap snapshots will be generated.
  --heapsnapshot-signal=...           Generate heap snapshot on specified signal
  -h, --help                          print node command line options (currently set)
  --huge-max-old-generation-size      increase default maximum heap size on machines with
                                      16GB memory or more
  --icu-data-dir=...                  set ICU data load path to dir (overrides
                                      NODE_ICU_DATA) (note: linked-in ICU data is
                                      present)
  --import=...                        ES module to preload (option can be repeated)
  --input-type=...                    set module type for string input
  --insecure-http-parser              use an insecure HTTP parser that accepts invalid
                                      HTTP headers
  --inspect[=[host:]port]             activate inspector on host:port (default:
                                      127.0.0.1:9229)
  --inspect-brk[=[host:]port]         activate inspector on host:port and break at start
                                      of user script
  --debug-port, --inspect-port=[host:]port
                                      set host:port for inspector
  --inspect-publish-uid=...           comma separated list of destinations for inspector
                                      uid(default: stderr,http)
  --inspect-wait[=[host:]port]        activate inspector on host:port and wait for
                                      debugger to be attached
  -i, --interactive                   always enter the REPL even if stdin does not appear
                                      to be a terminal
  --interpreted-frames-native-stack   help system profilers to translate JavaScript
                                      interpreted frames
  --jitless                           disable runtime allocation of executable memory
  --localstorage-file=...             file used to persist localStorage data
  --max-http-header-size=...          set the maximum size of HTTP headers (default:
                                      16384 (16KB))
  --network-family-autoselection-attempt-timeout=...
                                      Sets the default value for the network family
                                      autoselection attempt timeout.
  --no-addons                         disable loading native addons
  --no-deprecation                    silence deprecation warnings
  --no-experimental-detect-module     when ambiguous modules fail to evaluate because
                                      they contain ES module syntax, try again to
                                      evaluate them as ES modules
  --no-experimental-fetch             experimental Fetch API
  --no-experimental-global-customevent
                                      expose experimental CustomEvent on the global scope
  --no-experimental-global-navigator  expose experimental Navigator API on the global
                                      scope
  --no-experimental-global-webcrypto  expose experimental Web Crypto API on the global
                                      scope
  --no-experimental-repl-await        experimental await keyword support in REPL
  --no-experimental-websocket         experimental WebSocket API
  --no-extra-info-on-fatal-exception  hide extra information on fatal exception that
                                      causes exit
  --no-force-async-hooks-checks       disable checks for async_hooks
  --no-global-search-paths            disable global module search paths
  --enable-network-family-autoselection, --no-network-family-autoselection
                                      Disable network address family autodetection
                                      algorithm
  --no-warnings                       silence all process warnings
  --node-memory-debug                 Run with extra debug checks for memory leaks in
                                      Node.js itself
  --openssl-config=...                load OpenSSL configuration from the specified file
                                      (overrides OPENSSL_CONF)
  --openssl-legacy-provider           enable OpenSSL 3.0 legacy provider
  --openssl-shared-config             enable OpenSSL shared configuration
  --pending-deprecation               emit pending deprecation warnings
  --preserve-symlinks                 preserve symbolic links when resolving
  --preserve-symlinks-main            preserve symbolic links when resolving the main
                                      module
  -p, --print [...]                   evaluate script and print result
  --prof                              Generate V8 profiler output.
  --prof-process                      process V8 profiler output generated using --prof
  --redirect-warnings=...             write warnings to file instead of stderr
  --report-compact                    output compact single-line JSON
  --report-directory, --report-dir=...
                                      define custom report pathname. (default: current
                                      working directory)
  --report-exclude-network            exclude network interface diagnostics. (default:
                                      false)
  --report-filename=...               define custom report file name. (default:
                                      YYYYMMDD.HHMMSS.PID.SEQUENCE#.txt)
  --report-on-fatalerror              generate diagnostic report on fatal (internal)
                                      errors
  --report-on-signal                  generate diagnostic report upon receiving signals
  --report-signal=...                 causes diagnostic report to be produced on provided
                                      signal, unsupported in Windows. (default: SIGUSR2)
  --report-uncaught-exception         generate diagnostic report on uncaught exceptions
  -r, --require=...                   CommonJS module to preload (option can be repeated)
  --run=...                           Run a script specified in package.json
  --secure-heap=...                   total size of the OpenSSL secure heap
  --secure-heap-min=...               minimum allocation size from the OpenSSL secure
                                      heap
  --snapshot-blob=...                 Path to the snapshot blob that's either the result
                                      of snapshotbuilding, or the blob that is used to
                                      restore the application state
  --test                              launch test runner on startup
  --test-concurrency=...              specify test runner concurrency
  --test-coverage-branches=...        the branch coverage minimum threshold
  --test-coverage-exclude=...         exclude files from coverage report that match this
                                      glob pattern
  --test-coverage-functions=...       the function coverage minimum threshold
  --test-coverage-include=...         include files in coverage report that match this
                                      glob pattern
  --test-coverage-lines=...           the line coverage minimum threshold
  --test-force-exit                   force test runner to exit upon completion
  --test-name-pattern=...             run tests whose name matches this regular
                                      expression
  --test-only                         run tests with 'only' option set
  --test-reporter=...                 report test output using the given reporter
  --test-reporter-destination=...     report given reporter to the given destination
  --test-shard=...                    run test at specific shard
  --test-skip-pattern=...             run tests whose name do not match this regular
                                      expression
  --test-timeout=...                  specify test runner timeout
  --test-update-snapshots             regenerate test snapshots
  --throw-deprecation                 throw an exception on deprecations
  --title=...                         the process title to use on startup
  --tls-cipher-list=...               use an alternative default TLS cipher list
  --tls-keylog=...                    log TLS decryption keys to named file for traffic
                                      analysis
  --tls-max-v1.2                      set default TLS maximum to TLSv1.2 (default:
                                      TLSv1.3)
  --tls-max-v1.3                      set default TLS maximum to TLSv1.3 (default:
                                      TLSv1.3)
  --tls-min-v1.0                      set default TLS minimum to TLSv1.0 (default:
                                      TLSv1.2)
  --tls-min-v1.1                      set default TLS minimum to TLSv1.1 (default:
                                      TLSv1.2)
  --tls-min-v1.2                      set default TLS minimum to TLSv1.2 (default:
                                      TLSv1.2)
  --tls-min-v1.3                      set default TLS minimum to TLSv1.3 (default:
                                      TLSv1.2)
  --trace-atomics-wait                (deprecated) trace Atomics.wait() operations
  --trace-deprecation                 show stack traces on deprecations
  --trace-event-categories=...        comma separated list of trace event categories to
                                      record
  --trace-event-file-pattern=...      Template string specifying the filepath for the
                                      trace-events data, it supports ${rotation} and
                                      ${pid}.
  --trace-exit                        show stack trace when an environment exits
  --trace-promises                    show stack traces on promise initialization and
                                      resolution
  --trace-sigint                      enable printing JavaScript stacktrace on SIGINT
  --trace-sync-io                     show stack trace when use of sync IO is detected
                                      after the first tick
  --trace-tls                         prints TLS packet trace information to stderr
  --trace-uncaught                    show stack traces for the `throw` behind uncaught
                                      exceptions
  --trace-warnings                    show stack traces on process warnings
  --track-heap-objects                track heap object allocations for heap snapshots
  --unhandled-rejections=...          define unhandled rejections behavior. Options are
                                      'strict' (always raise an error), 'throw' (raise an
                                      error unless 'unhandledRejection' hook is set),
                                      'warn' (log a warning), 'none' (silence warnings),
                                      'warn-with-error-code' (log a warning and set exit
                                      code 1 unless 'unhandledRejection' hook is set).
                                      (default: throw)
  --use-bundled-ca                    use bundled CA store (default)
  --use-largepages=...                Map the Node.js static code to large pages. Options
                                      are 'off' (the default value, meaning do not map),
                                      'on' (map and ignore failure, reporting it to
                                      stderr), or 'silent' (map and silently ignore
                                      failure)
  --use-openssl-ca                    use OpenSSL's default CA store
  --v8-options                        print V8 command line options
  --v8-pool-size=...                  set V8's thread pool size
  -v, --version                       print Node.js version
  --watch                             run in watch mode
  --watch-path=...                    path to watch
  --watch-preserve-output             preserve outputs on watch mode restart
  --zero-fill-buffers                 automatically zero-fill all newly allocated Buffer
                                      and SlowBuffer instances

Environment variables:
FORCE_COLOR                   when set to 'true', 1, 2, 3, or an empty string
                              causes NO_COLOR and NODE_DISABLE_COLORS to be
                              ignored.
NO_COLOR                      Alias for NODE_DISABLE_COLORS
NODE_DEBUG                    ','-separated list of core modules that should
                              print debug information
NODE_DEBUG_NATIVE             ','-separated list of C++ core debug categories
                              that should print debug output
NODE_DISABLE_COLORS           set to 1 to disable colors in the REPL
NODE_EXTRA_CA_CERTS           path to additional CA certificates file. Only read
                              once during process startup.
NODE_NO_WARNINGS              set to 1 to silence process warnings
NODE_PATH                     ';'-separated list of directories prefixed to the
                              module search path
NODE_PENDING_DEPRECATION      set to 1 to emit pending deprecation warnings
NODE_PENDING_PIPE_INSTANCES   set the number of pending pipe instance handles on
                              Windows
NODE_PRESERVE_SYMLINKS        set to 1 to preserve symbolic links when resolving
                              and caching modules
NODE_REDIRECT_WARNINGS        write warnings to path instead of stderr
NODE_REPL_EXTERNAL_MODULE     path to a Node.js module which will be loaded in
                              place of the built-in REPL
NODE_REPL_HISTORY             path to the persistent REPL history file
NODE_SKIP_PLATFORM_CHECK      set to 1 to skip the check for a supported platform
                              during Node.js startup
NODE_TLS_REJECT_UNAUTHORIZED  set to 0 to disable TLS certificate validation
NODE_V8_COVERAGE              directory to output v8 coverage JSON to
TZ                            specify the timezone configuration
UV_THREADPOOL_SIZE            sets the number of threads used in libuv's
                              threadpool

Documentation can be found at https://nodejs.org/

C:\Users\amole\Documents\code\scripts2\posts-mgr>node server.js
^C
C:\Users\amole\Documents\code\scripts2\posts-mgr>node server.js
node:internal/modules/cjs/loader:1252
  throw err;
  ^

Error: Cannot find module 'mgr'
Require stack:
- C:\Users\amole\Documents\code\scripts2\posts-mgr\server.js
    at Function._resolveFilename (node:internal/modules/cjs/loader:1249:15)
    at Function._load (node:internal/modules/cjs/loader:1075:27)
    at TracingChannel.traceSync (node:diagnostics_channel:315:14)
    at wrapModuleLoad (node:internal/modules/cjs/loader:218:24)
    at Module.require (node:internal/modules/cjs/loader:1340:12)
    at require (node:internal/modules/helpers:141:16)
    at Object.<anonymous> (C:\Users\amole\Documents\code\scripts2\posts-mgr\server.js:2:11)
    at Module._compile (node:internal/modules/cjs/loader:1546:14)
    at Object..js (node:internal/modules/cjs/loader:1689:10)
    at Module.load (node:internal/modules/cjs/loader:1318:32) {
  code: 'MODULE_NOT_FOUND',
  requireStack: [
    'C:\\Users\\amole\\Documents\\code\\scripts2\\posts-mgr\\server.js'
  ]
}

Node.js v22.10.0

C:\Users\amole\Documents\code\scripts2\posts-mgr>node server.js
node:internal/modules/run_main:122
    triggerUncaughtException(
    ^

Error [ERR_MODULE_NOT_FOUND]: Cannot find module 'C:\Users\amole\Documents\code\scripts2\posts-mgr\mgr' imported from C:\Users\amole\Documents\code\scripts2\posts-mgr\server.js
Did you mean to import "./mgr.js"?
    at finalizeResolution (node:internal/modules/esm/resolve:257:11)
    at moduleResolve (node:internal/modules/esm/resolve:913:10)
    at defaultResolve (node:internal/modules/esm/resolve:1037:11)
    at ModuleLoader.defaultResolve (node:internal/modules/esm/loader:650:12)
    at #cachedDefaultResolve (node:internal/modules/esm/loader:599:25)
    at ModuleLoader.resolve (node:internal/modules/esm/loader:582:38)
    at ModuleLoader.getModuleJobForImport (node:internal/modules/esm/loader:241:38)
    at ModuleJob._link (node:internal/modules/esm/module_job:132:49) {
  code: 'ERR_MODULE_NOT_FOUND',
  url: 'file:///C:/Users/amole/Documents/code/scripts2/posts-mgr/mgr'
}

Node.js v22.10.0

C:\Users\amole\Documents\code\scripts2\posts-mgr>node server.js
(node:400) [MODULE_TYPELESS_PACKAGE_JSON] Warning: Module type of file:///C:/Users/amole/Documents/code/scripts2/posts-mgr/server.js is not specified and it doesn't parse as CommonJS.
Reparsing as ES module because module syntax was detected. This incurs a performance overhead.
To eliminate this warning, add "type": "module" to C:\Users\amole\package.json.
(Use `node --trace-warnings ...` to show where the warning was created)
loaded
file:///C:/Users/amole/Documents/code/scripts2/posts-mgr/mgr.js:5
var fs = new FileSystem();
         ^

ReferenceError: FileSystem is not defined
    at file:///C:/Users/amole/Documents/code/scripts2/posts-mgr/mgr.js:5:10
    at ModuleJob.run (node:internal/modules/esm/module_job:268:25)
    at async onImport.tracePromise.__proto__ (node:internal/modules/esm/loader:543:26)
    at async asyncRunEntryPointWithESMLoader (node:internal/modules/run_main:116:5)

Node.js v22.10.0

C:\Users\amole\Documents\code\scripts2\posts-mgr>node server.js
(node:456) [MODULE_TYPELESS_PACKAGE_JSON] Warning: Module type of file:///C:/Users/amole/Documents/code/scripts2/posts-mgr/server.js is not specified and it doesn't parse as CommonJS.
Reparsing as ES module because module syntax was detected. This incurs a performance overhead.
To eliminate this warning, add "type": "module" to C:\Users\amole\package.json.
(Use `node --trace-warnings ...` to show where the warning was created)
file:///C:/Users/amole/Documents/code/scripts2/posts-mgr/mgr.js:1
var fs = require("fs");
         ^

ReferenceError: require is not defined in ES module scope, you can use import instead
    at file:///C:/Users/amole/Documents/code/scripts2/posts-mgr/mgr.js:1:10
    at ModuleJob.run (node:internal/modules/esm/module_job:268:25)
    at async onImport.tracePromise.__proto__ (node:internal/modules/esm/loader:543:26)
    at async asyncRunEntryPointWithESMLoader (node:internal/modules/run_main:116:5)

Node.js v22.10.0

C:\Users\amole\Documents\code\scripts2\posts-mgr>node server.js
(node:21100) [MODULE_TYPELESS_PACKAGE_JSON] Warning: Module type of file:///C:/Users/amole/Documents/code/scripts2/posts-mgr/server.js is not specified and it doesn't parse as CommonJS.
Reparsing as ES module because module syntax was detected. This incurs a performance overhead.
To eliminate this warning, add "type": "module" to C:\Users\amole\package.json.
(Use `node --trace-warnings ...` to show where the warning was created)
loaded
file:///C:/Users/amole/Documents/code/scripts2/posts-mgr/server.js:1
var http = require('http');
           ^

ReferenceError: require is not defined in ES module scope, you can use import instead
    at file:///C:/Users/amole/Documents/code/scripts2/posts-mgr/server.js:1:12
    at ModuleJob.run (node:internal/modules/esm/module_job:268:25)
    at async onImport.tracePromise.__proto__ (node:internal/modules/esm/loader:543:26)
    at async asyncRunEntryPointWithESMLoader (node:internal/modules/run_main:116:5)

Node.js v22.10.0

C:\Users\amole\Documents\code\scripts2\posts-mgr>node server.js
(node:18404) [MODULE_TYPELESS_PACKAGE_JSON] Warning: Module type of file:///C:/Users/amole/Documents/code/scripts2/posts-mgr/server.js is not specified and it doesn't parse as CommonJS.
Reparsing as ES module because module syntax was detected. This incurs a performance overhead.
To eliminate this warning, add "type": "module" to C:\Users\amole\package.json.
(Use `node --trace-warnings ...` to show where the warning was created)
loaded
file:///C:/Users/amole/Documents/code/scripts2/posts-mgr/server.js:1
var http = require('http');
           ^

ReferenceError: require is not defined in ES module scope, you can use import instead
    at file:///C:/Users/amole/Documents/code/scripts2/posts-mgr/server.js:1:12
    at ModuleJob.run (node:internal/modules/esm/module_job:268:25)
    at async onImport.tracePromise.__proto__ (node:internal/modules/esm/loader:543:26)
    at async asyncRunEntryPointWithESMLoader (node:internal/modules/run_main:116:5)

Node.js v22.10.0

C:\Users\amole\Documents\code\scripts2\posts-mgr>node server.js
(node:20464) [MODULE_TYPELESS_PACKAGE_JSON] Warning: Module type of file:///C:/Users/amole/Documents/code/scripts2/posts-mgr/server.js is not specified and it doesn't parse as CommonJS.
Reparsing as ES module because module syntax was detected. This incurs a performance overhead.
To eliminate this warning, add "type": "module" to C:\Users\amole\package.json.
(Use `node --trace-warnings ...` to show where the warning was created)
file:///C:/Users/amole/Documents/code/scripts2/posts-mgr/mgr.js:1
var fs = require('fs');
         ^

ReferenceError: require is not defined in ES module scope, you can use import instead
    at file:///C:/Users/amole/Documents/code/scripts2/posts-mgr/mgr.js:1:10
    at ModuleJob.run (node:internal/modules/esm/module_job:268:25)
    at async onImport.tracePromise.__proto__ (node:internal/modules/esm/loader:543:26)
    at async asyncRunEntryPointWithESMLoader (node:internal/modules/run_main:116:5)

Node.js v22.10.0

C:\Users\amole\Documents\code\scripts2\posts-mgr>node mgr.html
C:\Users\amole\Documents\code\scripts2\posts-mgr\mgr.html:1
<html>
^

SyntaxError: Unexpected token '<'
    at wrapSafe (node:internal/modules/cjs/loader:1469:18)
    at Module._compile (node:internal/modules/cjs/loader:1491:20)
    at Object..js (node:internal/modules/cjs/loader:1689:10)
    at Module.load (node:internal/modules/cjs/loader:1318:32)
    at Function._load (node:internal/modules/cjs/loader:1128:12)
    at TracingChannel.traceSync (node:diagnostics_channel:315:14)
    at wrapModuleLoad (node:internal/modules/cjs/loader:218:24)
    at Function.executeUserEntryPoint [as runMain] (node:internal/modules/run_main:170:5)
    at node:internal/main/run_main_module:36:49

Node.js v22.10.0

C:\Users\amole\Documents\code\scripts2\posts-mgr>node mgr.js
file:///C:/Users/amole/Documents/code/scripts2/posts-mgr/mgr.js:1
var fs = require('fs');
         ^

ReferenceError: require is not defined in ES module scope, you can use import instead
    at file:///C:/Users/amole/Documents/code/scripts2/posts-mgr/mgr.js:1:10
    at ModuleJob.run (node:internal/modules/esm/module_job:268:25)
    at async onImport.tracePromise.__proto__ (node:internal/modules/esm/loader:543:26)
    at async asyncRunEntryPointWithESMLoader (node:internal/modules/run_main:116:5)

Node.js v22.10.0

C:\Users\amole\Documents\code\scripts2\posts-mgr>node mgr.js
file:///C:/Users/amole/Documents/code/scripts2/posts-mgr/mgr.js:1
const fs = require('fs');
           ^

ReferenceError: require is not defined in ES module scope, you can use import instead
    at file:///C:/Users/amole/Documents/code/scripts2/posts-mgr/mgr.js:1:12
    at ModuleJob.run (node:internal/modules/esm/module_job:268:25)
    at async onImport.tracePromise.__proto__ (node:internal/modules/esm/loader:543:26)
    at async asyncRunEntryPointWithESMLoader (node:internal/modules/run_main:116:5)

Node.js v22.10.0

C:\Users\amole\Documents\code\scripts2\posts-mgr>node mgr.js
file:///C:/Users/amole/Documents/code/scripts2/posts-mgr/mgr.js:1
const fs = require('http');
           ^

ReferenceError: require is not defined in ES module scope, you can use import instead
    at file:///C:/Users/amole/Documents/code/scripts2/posts-mgr/mgr.js:1:12
    at ModuleJob.run (node:internal/modules/esm/module_job:268:25)
    at async onImport.tracePromise.__proto__ (node:internal/modules/esm/loader:543:26)
    at async asyncRunEntryPointWithESMLoader (node:internal/modules/run_main:116:5)

Node.js v22.10.0

C:\Users\amole\Documents\code\scripts2\posts-mgr>node mgr.js
file:///C:/Users/amole/Documents/code/scripts2/posts-mgr/mgr.js:1
const fs = require('node:fs');
           ^

ReferenceError: require is not defined in ES module scope, you can use import instead
    at file:///C:/Users/amole/Documents/code/scripts2/posts-mgr/mgr.js:1:12
    at ModuleJob.run (node:internal/modules/esm/module_job:268:25)
    at async onImport.tracePromise.__proto__ (node:internal/modules/esm/loader:543:26)
    at async asyncRunEntryPointWithESMLoader (node:internal/modules/run_main:116:5)

Node.js v22.10.0

C:\Users\amole\Documents\code\scripts2\posts-mgr>node mgr.js
file:///C:/Users/amole/Documents/code/scripts2/posts-mgr/mgr.js:1
const fs = require('node:fs/promises');
           ^

ReferenceError: require is not defined in ES module scope, you can use import instead
    at file:///C:/Users/amole/Documents/code/scripts2/posts-mgr/mgr.js:1:12
    at ModuleJob.run (node:internal/modules/esm/module_job:268:25)
    at async onImport.tracePromise.__proto__ (node:internal/modules/esm/loader:543:26)
    at async asyncRunEntryPointWithESMLoader (node:internal/modules/run_main:116:5)

Node.js v22.10.0

C:\Users\amole\Documents\code\scripts2\posts-mgr>node -h
Usage: node [options] [ script.js ] [arguments]
       node inspect [options] [ script.js | host:port ] [arguments]

Options:
  -                                   script read from stdin (default if no file name is
                                      provided, interactive mode if a tty)
  --                                  indicate the end of node options
  --abort-on-uncaught-exception       aborting instead of exiting causes a core file to
                                      be generated for analysis
  --allow-addons                      allow use of addons when any permissions are set
  --allow-child-process               allow use of child process when any permissions are
                                      set
  --allow-fs-read=...                 allow permissions to read the filesystem
  --allow-fs-write=...                allow permissions to write in the filesystem
  --allow-wasi                        allow wasi when any permissions are set
  --allow-worker                      allow worker threads when any permissions are set
  --build-snapshot                    Generate a snapshot blob when the process exits.
  --build-snapshot-config=...         Generate a snapshot blob when the process exits
                                      using aJSON configuration in the specified path.
  -c, --check                         syntax check script without executing
  --completion-bash                   print source-able bash completion script
  -C, --conditions=...                additional user conditions for conditional exports
                                      and imports
  --cpu-prof                          Start the V8 CPU profiler on start up, and write
                                      the CPU profile to disk before exit. If
                                      --cpu-prof-dir is not specified, write the profile
                                      to the current working directory.
  --cpu-prof-dir=...                  Directory where the V8 profiles generated by
                                      --cpu-prof will be placed. Does not affect --prof.
  --cpu-prof-interval=...             specified sampling interval in microseconds for the
                                      V8 CPU profile generated with --cpu-prof. (default:
                                      1000)
  --cpu-prof-name=...                 specified file name of the V8 CPU profile generated
                                      with --cpu-prof
  --diagnostic-dir=...                set dir for all output files (default: current
                                      working directory)
  --disable-proto=...                 disable Object.prototype.__proto__
  --disable-warning=...               silence specific process warnings
  --disable-wasm-trap-handler         Disable trap-handler-based WebAssembly bound
                                      checks. V8 will insert inline bound checks when
                                      compiling WebAssembly which may slow down
                                      performance.
  --disallow-code-generation-from-strings
                                      disallow eval and friends
  --dns-result-order=...              set default value of verbatim in dns.lookup.
                                      Options are 'ipv4first' (IPv4 addresses are placed
                                      before IPv6 addresses) 'ipv6first' (IPv6 addresses
                                      are placed before IPv4 addresses) 'verbatim'
                                      (addresses are in the order the DNS resolver
                                      returned)
  --enable-etw-stack-walking          provides heap data to ETW Windows native tracing
  --enable-fips                       enable FIPS crypto at startup
  --enable-source-maps                Source Map V3 support for stack traces
  --entry-url                         Treat the entrypoint as a URL
  --env-file=...                      set environment variables from supplied file
  --env-file-if-exists=...            set environment variables from supplied file
  -e, --eval=...                      evaluate script
  --experimental-async-context-frame  Improve AsyncLocalStorage performance with
                                      AsyncContextFrame
  --experimental-default-type=...     set module system to use by default
  --experimental-eventsource          experimental EventSource API
  --experimental-import-meta-resolve  experimental ES Module import.meta.resolve()
                                      parentURL support
  --loader, --experimental-loader=... use the specified module as a custom loader
  --experimental-network-inspection   experimental network inspection support
  --experimental-permission           enable the permission system
  --experimental-print-required-tla   Print pending top-level await. If
                                      --experimental-require-module is true, evaluate
                                      asynchronous graphs loaded by `require()` but do
                                      not run the microtasks, in order to to find and
                                      print top-level await in the graph
  --experimental-require-module       Allow loading explicit ES Modules in require().
  --experimental-sea-config=...       Generate a blob that can be embedded into the
                                      single executable application
  --experimental-sqlite               experimental node:sqlite module
  --experimental-strip-types          Experimental type-stripping for TypeScript files.
  --experimental-test-coverage        enable code coverage in the test runner
  --experimental-test-isolation=...   configures the type of test isolation used in the
                                      test runner
  --experimental-test-module-mocks    enable module mocking in the test runner
  --experimental-test-snapshots       enable snapshot testing in the test runner
  --experimental-transform-types      enable transformation of TypeScript-onlysyntax into
                                      JavaScript code
  --experimental-vm-modules           experimental ES Module support in vm module
  --experimental-wasm-modules         experimental ES Module support for webassembly
                                      modules
  --experimental-webstorage           experimental Web Storage API
  --expose-gc                         expose gc extension
  --force-context-aware               disable loading non-context-aware addons
  --force-fips                        force FIPS crypto (cannot be disabled)
  --force-node-api-uncaught-exceptions-policy
                                      enforces 'uncaughtException' event on Node API
                                      asynchronous callbacks
  --frozen-intrinsics                 experimental frozen intrinsics support
  --heap-prof                         Start the V8 heap profiler on start up, and write
                                      the heap profile to disk before exit. If
                                      --heap-prof-dir is not specified, write the profile
                                      to the current working directory.
  --heap-prof-dir=...                 Directory where the V8 heap profiles generated by
                                      --heap-prof will be placed.
  --heap-prof-interval=...            specified sampling interval in bytes for the V8
                                      heap profile generated with --heap-prof. (default:
                                      512 * 1024)
  --heap-prof-name=...                specified file name of the V8 heap profile
                                      generated with --heap-prof
  --heapsnapshot-near-heap-limit=...  Generate heap snapshots whenever V8 is approaching
                                      the heap limit. No more than the specified number
                                      of heap snapshots will be generated.
  --heapsnapshot-signal=...           Generate heap snapshot on specified signal
  -h, --help                          print node command line options (currently set)
  --huge-max-old-generation-size      increase default maximum heap size on machines with
                                      16GB memory or more
  --icu-data-dir=...                  set ICU data load path to dir (overrides
                                      NODE_ICU_DATA) (note: linked-in ICU data is
                                      present)
  --import=...                        ES module to preload (option can be repeated)
  --input-type=...                    set module type for string input
  --insecure-http-parser              use an insecure HTTP parser that accepts invalid
                                      HTTP headers
  --inspect[=[host:]port]             activate inspector on host:port (default:
                                      127.0.0.1:9229)
  --inspect-brk[=[host:]port]         activate inspector on host:port and break at start
                                      of user script
  --debug-port, --inspect-port=[host:]port
                                      set host:port for inspector
  --inspect-publish-uid=...           comma separated list of destinations for inspector
                                      uid(default: stderr,http)
  --inspect-wait[=[host:]port]        activate inspector on host:port and wait for
                                      debugger to be attached
  -i, --interactive                   always enter the REPL even if stdin does not appear
                                      to be a terminal
  --interpreted-frames-native-stack   help system profilers to translate JavaScript
                                      interpreted frames
  --jitless                           disable runtime allocation of executable memory
  --localstorage-file=...             file used to persist localStorage data
  --max-http-header-size=...          set the maximum size of HTTP headers (default:
                                      16384 (16KB))
  --network-family-autoselection-attempt-timeout=...
                                      Sets the default value for the network family
                                      autoselection attempt timeout.
  --no-addons                         disable loading native addons
  --no-deprecation                    silence deprecation warnings
  --no-experimental-detect-module     when ambiguous modules fail to evaluate because
                                      they contain ES module syntax, try again to
                                      evaluate them as ES modules
  --no-experimental-fetch             experimental Fetch API
  --no-experimental-global-customevent
                                      expose experimental CustomEvent on the global scope
  --no-experimental-global-navigator  expose experimental Navigator API on the global
                                      scope
  --no-experimental-global-webcrypto  expose experimental Web Crypto API on the global
                                      scope
  --no-experimental-repl-await        experimental await keyword support in REPL
  --no-experimental-websocket         experimental WebSocket API
  --no-extra-info-on-fatal-exception  hide extra information on fatal exception that
                                      causes exit
  --no-force-async-hooks-checks       disable checks for async_hooks
  --no-global-search-paths            disable global module search paths
  --enable-network-family-autoselection, --no-network-family-autoselection
                                      Disable network address family autodetection
                                      algorithm
  --no-warnings                       silence all process warnings
  --node-memory-debug                 Run with extra debug checks for memory leaks in
                                      Node.js itself
  --openssl-config=...                load OpenSSL configuration from the specified file
                                      (overrides OPENSSL_CONF)
  --openssl-legacy-provider           enable OpenSSL 3.0 legacy provider
  --openssl-shared-config             enable OpenSSL shared configuration
  --pending-deprecation               emit pending deprecation warnings
  --preserve-symlinks                 preserve symbolic links when resolving
  --preserve-symlinks-main            preserve symbolic links when resolving the main
                                      module
  -p, --print [...]                   evaluate script and print result
  --prof                              Generate V8 profiler output.
  --prof-process                      process V8 profiler output generated using --prof
  --redirect-warnings=...             write warnings to file instead of stderr
  --report-compact                    output compact single-line JSON
  --report-directory, --report-dir=...
                                      define custom report pathname. (default: current
                                      working directory)
  --report-exclude-network            exclude network interface diagnostics. (default:
                                      false)
  --report-filename=...               define custom report file name. (default:
                                      YYYYMMDD.HHMMSS.PID.SEQUENCE#.txt)
  --report-on-fatalerror              generate diagnostic report on fatal (internal)
                                      errors
  --report-on-signal                  generate diagnostic report upon receiving signals
  --report-signal=...                 causes diagnostic report to be produced on provided
                                      signal, unsupported in Windows. (default: SIGUSR2)
  --report-uncaught-exception         generate diagnostic report on uncaught exceptions
  -r, --require=...                   CommonJS module to preload (option can be repeated)
  --run=...                           Run a script specified in package.json
  --secure-heap=...                   total size of the OpenSSL secure heap
  --secure-heap-min=...               minimum allocation size from the OpenSSL secure
                                      heap
  --snapshot-blob=...                 Path to the snapshot blob that's either the result
                                      of snapshotbuilding, or the blob that is used to
                                      restore the application state
  --test                              launch test runner on startup
  --test-concurrency=...              specify test runner concurrency
  --test-coverage-branches=...        the branch coverage minimum threshold
  --test-coverage-exclude=...         exclude files from coverage report that match this
                                      glob pattern
  --test-coverage-functions=...       the function coverage minimum threshold
  --test-coverage-include=...         include files in coverage report that match this
                                      glob pattern
  --test-coverage-lines=...           the line coverage minimum threshold
  --test-force-exit                   force test runner to exit upon completion
  --test-name-pattern=...             run tests whose name matches this regular
                                      expression
  --test-only                         run tests with 'only' option set
  --test-reporter=...                 report test output using the given reporter
  --test-reporter-destination=...     report given reporter to the given destination
  --test-shard=...                    run test at specific shard
  --test-skip-pattern=...             run tests whose name do not match this regular
                                      expression
  --test-timeout=...                  specify test runner timeout
  --test-update-snapshots             regenerate test snapshots
  --throw-deprecation                 throw an exception on deprecations
  --title=...                         the process title to use on startup
  --tls-cipher-list=...               use an alternative default TLS cipher list
  --tls-keylog=...                    log TLS decryption keys to named file for traffic
                                      analysis
  --tls-max-v1.2                      set default TLS maximum to TLSv1.2 (default:
                                      TLSv1.3)
  --tls-max-v1.3                      set default TLS maximum to TLSv1.3 (default:
                                      TLSv1.3)
  --tls-min-v1.0                      set default TLS minimum to TLSv1.0 (default:
                                      TLSv1.2)
  --tls-min-v1.1                      set default TLS minimum to TLSv1.1 (default:
                                      TLSv1.2)
  --tls-min-v1.2                      set default TLS minimum to TLSv1.2 (default:
                                      TLSv1.2)
  --tls-min-v1.3                      set default TLS minimum to TLSv1.3 (default:
                                      TLSv1.2)
  --trace-atomics-wait                (deprecated) trace Atomics.wait() operations
  --trace-deprecation                 show stack traces on deprecations
  --trace-event-categories=...        comma separated list of trace event categories to
                                      record
  --trace-event-file-pattern=...      Template string specifying the filepath for the
                                      trace-events data, it supports ${rotation} and
                                      ${pid}.
  --trace-exit                        show stack trace when an environment exits
  --trace-promises                    show stack traces on promise initialization and
                                      resolution
  --trace-sigint                      enable printing JavaScript stacktrace on SIGINT
  --trace-sync-io                     show stack trace when use of sync IO is detected
                                      after the first tick
  --trace-tls                         prints TLS packet trace information to stderr
  --trace-uncaught                    show stack traces for the `throw` behind uncaught
                                      exceptions
  --trace-warnings                    show stack traces on process warnings
  --track-heap-objects                track heap object allocations for heap snapshots
  --unhandled-rejections=...          define unhandled rejections behavior. Options are
                                      'strict' (always raise an error), 'throw' (raise an
                                      error unless 'unhandledRejection' hook is set),
                                      'warn' (log a warning), 'none' (silence warnings),
                                      'warn-with-error-code' (log a warning and set exit
                                      code 1 unless 'unhandledRejection' hook is set).
                                      (default: throw)
  --use-bundled-ca                    use bundled CA store (default)
  --use-largepages=...                Map the Node.js static code to large pages. Options
                                      are 'off' (the default value, meaning do not map),
                                      'on' (map and ignore failure, reporting it to
                                      stderr), or 'silent' (map and silently ignore
                                      failure)
  --use-openssl-ca                    use OpenSSL's default CA store
  --v8-options                        print V8 command line options
  --v8-pool-size=...                  set V8's thread pool size
  -v, --version                       print Node.js version
  --watch                             run in watch mode
  --watch-path=...                    path to watch
  --watch-preserve-output             preserve outputs on watch mode restart
  --zero-fill-buffers                 automatically zero-fill all newly allocated Buffer
                                      and SlowBuffer instances

Environment variables:
FORCE_COLOR                   when set to 'true', 1, 2, 3, or an empty string
                              causes NO_COLOR and NODE_DISABLE_COLORS to be
                              ignored.
NO_COLOR                      Alias for NODE_DISABLE_COLORS
NODE_DEBUG                    ','-separated list of core modules that should
                              print debug information
NODE_DEBUG_NATIVE             ','-separated list of C++ core debug categories
                              that should print debug output
NODE_DISABLE_COLORS           set to 1 to disable colors in the REPL
NODE_EXTRA_CA_CERTS           path to additional CA certificates file. Only read
                              once during process startup.
NODE_NO_WARNINGS              set to 1 to silence process warnings
NODE_PATH                     ';'-separated list of directories prefixed to the
                              module search path
NODE_PENDING_DEPRECATION      set to 1 to emit pending deprecation warnings
NODE_PENDING_PIPE_INSTANCES   set the number of pending pipe instance handles on
                              Windows
NODE_PRESERVE_SYMLINKS        set to 1 to preserve symbolic links when resolving
                              and caching modules
NODE_REDIRECT_WARNINGS        write warnings to path instead of stderr
NODE_REPL_EXTERNAL_MODULE     path to a Node.js module which will be loaded in
                              place of the built-in REPL
NODE_REPL_HISTORY             path to the persistent REPL history file
NODE_SKIP_PLATFORM_CHECK      set to 1 to skip the check for a supported platform
                              during Node.js startup
NODE_TLS_REJECT_UNAUTHORIZED  set to 0 to disable TLS certificate validation
NODE_V8_COVERAGE              directory to output v8 coverage JSON to
TZ                            specify the timezone configuration
UV_THREADPOOL_SIZE            sets the number of threads used in libuv's
                              threadpool

Documentation can be found at https://nodejs.org/

C:\Users\amole\Documents\code\scripts2\posts-mgr>node init
node:internal/modules/cjs/loader:1252
  throw err;
  ^

Error: Cannot find module 'C:\Users\amole\Documents\code\scripts2\posts-mgr\init'
    at Function._resolveFilename (node:internal/modules/cjs/loader:1249:15)
    at Function._load (node:internal/modules/cjs/loader:1075:27)
    at TracingChannel.traceSync (node:diagnostics_channel:315:14)
    at wrapModuleLoad (node:internal/modules/cjs/loader:218:24)
    at Function.executeUserEntryPoint [as runMain] (node:internal/modules/run_main:170:5)
    at node:internal/main/run_main_module:36:49 {
  code: 'MODULE_NOT_FOUND',
  requireStack: []
}

Node.js v22.10.0

C:\Users\amole\Documents\code\scripts2\posts-mgr>npm init
This utility will walk you through creating a package.json file.
It only covers the most common items, and tries to guess sensible defaults.

See `npm help init` for definitive documentation on these fields
and exactly what they do.

Use `npm install <pkg>` afterwards to install a package and
save it as a dependency in the package.json file.

Press ^C at any time to quit.
package name: (posts-mgr)
version: (1.0.0)
description: A Javascript blog posts manager.
entry point: (mgr.js) server.js
test command: test.js
git repository:
keywords:
author: Amol
license: (ISC)
About to write to C:\Users\amole\Documents\code\scripts2\posts-mgr\package.json:

{
  "name": "posts-mgr",
  "version": "1.0.0",
  "description": "A Javascript blog posts manager.",
  "main": "server.js",
  "scripts": {
    "test": "test.js",
    "start": "node server.js"
  },
  "author": "Amol",
  "license": "ISC"
}


Is this OK? (yes) yes


C:\Users\amole\Documents\code\scripts2\posts-mgr>npm run
Lifecycle scripts included in posts-mgr@1.0.0:
  test
    test.js
  start
    node server.js

C:\Users\amole\Documents\code\scripts2\posts-mgr>npm start

> posts-mgr@1.0.0 start
> node server.js

(node:22160) [MODULE_TYPELESS_PACKAGE_JSON] Warning: Module type of file:///C:/Users/amole/Documents/code/scripts2/posts-mgr/server.js is not specified and it doesn't parse as CommonJS.
Reparsing as ES module because module syntax was detected. This incurs a performance overhead.
To eliminate this warning, add "type": "module" to C:\Users\amole\Documents\code\scripts2\posts-mgr\package.json.
(Use `node --trace-warnings ...` to show where the warning was created)
file:///C:/Users/amole/Documents/code/scripts2/posts-mgr/mgr.js:1
const fs = require('node:fs/promises');
           ^

ReferenceError: require is not defined in ES module scope, you can use import instead
    at file:///C:/Users/amole/Documents/code/scripts2/posts-mgr/mgr.js:1:12
    at ModuleJob.run (node:internal/modules/esm/module_job:268:25)
    at async onImport.tracePromise.__proto__ (node:internal/modules/esm/loader:543:26)
    at async asyncRunEntryPointWithESMLoader (node:internal/modules/run_main:116:5)

Node.js v22.10.0

C:\Users\amole\Documents\code\scripts2\posts-mgr>npm start

> posts-mgr@1.0.0 start
> node server.js

file:///C:/Users/amole/Documents/code/scripts2/posts-mgr/mgr.js:1
const fs = require('node:fs/promises');
           ^

ReferenceError: require is not defined in ES module scope, you can use import instead
This file is being treated as an ES module because it has a '.js' file extension and 'C:\Users\amole\Documents\code\scripts2\posts-mgr\package.json' contains "type": "module". To treat it as a CommonJS script, rename it to use the '.cjs' file extension.
    at file:///C:/Users/amole/Documents/code/scripts2/posts-mgr/mgr.js:1:12
    at ModuleJob.run (node:internal/modules/esm/module_job:268:25)
    at async onImport.tracePromise.__proto__ (node:internal/modules/esm/loader:543:26)
    at async asyncRunEntryPointWithESMLoader (node:internal/modules/run_main:116:5)

Node.js v22.10.0

C:\Users\amole\Documents\code\scripts2\posts-mgr>npm start

> posts-mgr@1.0.0 start
> node server.js

file:///C:/Users/amole/Documents/code/scripts2/posts-mgr/mgr.js:1
const fs = require('fs'); //('node:fs/promises');
           ^

ReferenceError: require is not defined in ES module scope, you can use import instead
This file is being treated as an ES module because it has a '.js' file extension and 'C:\Users\amole\Documents\code\scripts2\posts-mgr\package.json' contains "type": "module". To treat it as a CommonJS script, rename it to use the '.cjs' file extension.
    at file:///C:/Users/amole/Documents/code/scripts2/posts-mgr/mgr.js:1:12
    at ModuleJob.run (node:internal/modules/esm/module_job:268:25)
    at async onImport.tracePromise.__proto__ (node:internal/modules/esm/loader:543:26)
    at async asyncRunEntryPointWithESMLoader (node:internal/modules/run_main:116:5)

Node.js v22.10.0

C:\Users\amole\Documents\code\scripts2\posts-mgr>node mgr.js
file:///C:/Users/amole/Documents/code/scripts2/posts-mgr/mgr.js:1
const fs = require('fs'); //('node:fs/promises');
           ^

ReferenceError: require is not defined in ES module scope, you can use import instead
This file is being treated as an ES module because it has a '.js' file extension and 'C:\Users\amole\Documents\code\scripts2\posts-mgr\package.json' contains "type": "module". To treat it as a CommonJS script, rename it to use the '.cjs' file extension.
    at file:///C:/Users/amole/Documents/code/scripts2/posts-mgr/mgr.js:1:12
    at ModuleJob.run (node:internal/modules/esm/module_job:268:25)
    at async onImport.tracePromise.__proto__ (node:internal/modules/esm/loader:543:26)
    at async asyncRunEntryPointWithESMLoader (node:internal/modules/run_main:116:5)

Node.js v22.10.0

C:\Users\amole\Documents\code\scripts2\posts-mgr>node mgr.js
file:///C:/Users/amole/Documents/code/scripts2/posts-mgr/mgr.js:1
const { fs } = require('fs'); //('node:fs/promises');
               ^

ReferenceError: require is not defined in ES module scope, you can use import instead
This file is being treated as an ES module because it has a '.js' file extension and 'C:\Users\amole\Documents\code\scripts2\posts-mgr\package.json' contains "type": "module". To treat it as a CommonJS script, rename it to use the '.cjs' file extension.
    at file:///C:/Users/amole/Documents/code/scripts2/posts-mgr/mgr.js:1:16
    at ModuleJob.run (node:internal/modules/esm/module_job:268:25)
    at async onImport.tracePromise.__proto__ (node:internal/modules/esm/loader:543:26)
    at async asyncRunEntryPointWithESMLoader (node:internal/modules/run_main:116:5)

Node.js v22.10.0

C:\Users\amole\Documents\code\scripts2\posts-mgr>node mgr.js
file:///C:/Users/amole/Documents/code/scripts2/posts-mgr/mgr.js:1
const { fs } = require('fs'); //('node:fs/promises');
               ^

ReferenceError: require is not defined in ES module scope, you can use import instead
This file is being treated as an ES module because it has a '.js' file extension and 'C:\Users\amole\Documents\code\scripts2\posts-mgr\package.json' contains "type": "module". To treat it as a CommonJS script, rename it to use the '.cjs' file extension.
    at file:///C:/Users/amole/Documents/code/scripts2/posts-mgr/mgr.js:1:16
    at ModuleJob.run (node:internal/modules/esm/module_job:268:25)
    at async onImport.tracePromise.__proto__ (node:internal/modules/esm/loader:543:26)
    at async asyncRunEntryPointWithESMLoader (node:internal/modules/run_main:116:5)

Node.js v22.10.0

C:\Users\amole\Documents\code\scripts2\posts-mgr>node mgr.js
file:///C:/Users/amole/Documents/code/scripts2/posts-mgr/mgr.js:1
const { fs } = require('fs'); //('node:fs/promises');
               ^

ReferenceError: require is not defined in ES module scope, you can use import instead
This file is being treated as an ES module because it has a '.js' file extension and 'C:\Users\amole\Documents\code\scripts2\posts-mgr\package.json' contains "type": "module". To treat it as a CommonJS script, rename it to use the '.cjs' file extension.
    at file:///C:/Users/amole/Documents/code/scripts2/posts-mgr/mgr.js:1:16
    at ModuleJob.run (node:internal/modules/esm/module_job:268:25)
    at async onImport.tracePromise.__proto__ (node:internal/modules/esm/loader:543:26)
    at async asyncRunEntryPointWithESMLoader (node:internal/modules/run_main:116:5)

Node.js v22.10.0

C:\Users\amole\Documents\code\scripts2\posts-mgr>node mgr.js
loaded
file:///C:/Users/amole/Documents/code/scripts2/posts-mgr/mgr.js:21
walk_dir("C:\Users\amole\Documents\code\scripts2");
^

ReferenceError: walk_dir is not defined
    at file:///C:/Users/amole/Documents/code/scripts2/posts-mgr/mgr.js:21:1
    at ModuleJob.run (node:internal/modules/esm/module_job:268:25)
    at async onImport.tracePromise.__proto__ (node:internal/modules/esm/loader:543:26)
    at async asyncRunEntryPointWithESMLoader (node:internal/modules/run_main:116:5)

Node.js v22.10.0

C:\Users\amole\Documents\code\scripts2\posts-mgr>node mgr.js
loaded

C:\Users\amole\Documents\code\scripts2\posts-mgr>node mgr.js
file:///C:/Users/amole/Documents/code/scripts2/posts-mgr/mgr.js:1
const { fs } = require('fs'); //('node:fs/promises');
               ^

ReferenceError: require is not defined in ES module scope, you can use import instead
This file is being treated as an ES module because it has a '.js' file extension and 'C:\Users\amole\Documents\code\scripts2\posts-mgr\package.json' contains "type": "module". To treat it as a CommonJS script, rename it to use the '.cjs' file extension.
    at file:///C:/Users/amole/Documents/code/scripts2/posts-mgr/mgr.js:1:16
    at ModuleJob.run (node:internal/modules/esm/module_job:268:25)
    at async onImport.tracePromise.__proto__ (node:internal/modules/esm/loader:543:26)
    at async asyncRunEntryPointWithESMLoader (node:internal/modules/run_main:116:5)

Node.js v22.10.0

C:\Users\amole\Documents\code\scripts2\posts-mgr>dir
 Volume in drive C is Windows
 Volume Serial Number is 6E6C-91A1

 Directory of C:\Users\amole\Documents\code\scripts2\posts-mgr

26-07-2025  21:30    <DIR>          .
26-07-2025  20:47    <DIR>          ..
26-07-2025  20:50               175 mgr.html
26-07-2025  21:36               566 mgr.js
26-07-2025  21:30               257 package.json
26-07-2025  21:18               209 server.js
               4 File(s)          1,207 bytes
               2 Dir(s)  669,826,863,104 bytes free

C:\Users\amole\Documents\code\scripts2\posts-mgr>git mv mgr.html mgr2.html

C:\Users\amole\Documents\code\scripts2\posts-mgr>node mgr.js
file:///C:/Users/amole/Documents/code/scripts2/posts-mgr/mgr.js:1
const { fs } = require('fs'); //('node:fs/promises');
               ^

ReferenceError: require is not defined in ES module scope, you can use import instead
This file is being treated as an ES module because it has a '.js' file extension and 'C:\Users\amole\Documents\code\scripts2\posts-mgr\package.json' contains "type": "module". To treat it as a CommonJS script, rename it to use the '.cjs' file extension.
    at file:///C:/Users/amole/Documents/code/scripts2/posts-mgr/mgr.js:1:16
    at ModuleJob.run (node:internal/modules/esm/module_job:268:25)
    at async onImport.tracePromise.__proto__ (node:internal/modules/esm/loader:543:26)
    at async asyncRunEntryPointWithESMLoader (node:internal/modules/run_main:116:5)

Node.js v22.10.0

C:\Users\amole\Documents\code\scripts2\posts-mgr>node server.js
file:///C:/Users/amole/Documents/code/scripts2/posts-mgr/server.js:1
var http = require('http');
           ^

ReferenceError: require is not defined in ES module scope, you can use import instead
This file is being treated as an ES module because it has a '.js' file extension and 'C:\Users\amole\Documents\code\scripts2\posts-mgr\package.json' contains "type": "module". To treat it as a CommonJS script, rename it to use the '.cjs' file extension.
    at file:///C:/Users/amole/Documents/code/scripts2/posts-mgr/server.js:1:12
    at ModuleJob.run (node:internal/modules/esm/module_job:268:25)
    at async onImport.tracePromise.__proto__ (node:internal/modules/esm/loader:543:26)
    at async asyncRunEntryPointWithESMLoader (node:internal/modules/run_main:116:5)

Node.js v22.10.0

C:\Users\amole\Documents\code\scripts2\posts-mgr>node server.js
file:///C:/Users/amole/Documents/code/scripts2/posts-mgr/server.js:1
var http = require('http');
           ^

ReferenceError: require is not defined in ES module scope, you can use import instead
This file is being treated as an ES module because it has a '.js' file extension and 'C:\Users\amole\Documents\code\scripts2\posts-mgr\package.json' contains "type": "module". To treat it as a CommonJS script, rename it to use the '.cjs' file extension.
    at file:///C:/Users/amole/Documents/code/scripts2/posts-mgr/server.js:1:12
    at ModuleJob.run (node:internal/modules/esm/module_job:268:25)
    at async onImport.tracePromise.__proto__ (node:internal/modules/esm/loader:543:26)
    at async asyncRunEntryPointWithESMLoader (node:internal/modules/run_main:116:5)

Node.js v22.10.0

C:\Users\amole\Documents\code\scripts2\posts-mgr>node -h
Usage: node [options] [ script.js ] [arguments]
       node inspect [options] [ script.js | host:port ] [arguments]

Options:
  -                                   script read from stdin (default if no file name is
                                      provided, interactive mode if a tty)
  --                                  indicate the end of node options
  --abort-on-uncaught-exception       aborting instead of exiting causes a core file to
                                      be generated for analysis
  --allow-addons                      allow use of addons when any permissions are set
  --allow-child-process               allow use of child process when any permissions are
                                      set
  --allow-fs-read=...                 allow permissions to read the filesystem
  --allow-fs-write=...                allow permissions to write in the filesystem
  --allow-wasi                        allow wasi when any permissions are set
  --allow-worker                      allow worker threads when any permissions are set
  --build-snapshot                    Generate a snapshot blob when the process exits.
  --build-snapshot-config=...         Generate a snapshot blob when the process exits
                                      using aJSON configuration in the specified path.
  -c, --check                         syntax check script without executing
  --completion-bash                   print source-able bash completion script
  -C, --conditions=...                additional user conditions for conditional exports
                                      and imports
  --cpu-prof                          Start the V8 CPU profiler on start up, and write
                                      the CPU profile to disk before exit. If
                                      --cpu-prof-dir is not specified, write the profile
                                      to the current working directory.
  --cpu-prof-dir=...                  Directory where the V8 profiles generated by
                                      --cpu-prof will be placed. Does not affect --prof.
  --cpu-prof-interval=...             specified sampling interval in microseconds for the
                                      V8 CPU profile generated with --cpu-prof. (default:
                                      1000)
  --cpu-prof-name=...                 specified file name of the V8 CPU profile generated
                                      with --cpu-prof
  --diagnostic-dir=...                set dir for all output files (default: current
                                      working directory)
  --disable-proto=...                 disable Object.prototype.__proto__
  --disable-warning=...               silence specific process warnings
  --disable-wasm-trap-handler         Disable trap-handler-based WebAssembly bound
                                      checks. V8 will insert inline bound checks when
                                      compiling WebAssembly which may slow down
                                      performance.
  --disallow-code-generation-from-strings
                                      disallow eval and friends
  --dns-result-order=...              set default value of verbatim in dns.lookup.
                                      Options are 'ipv4first' (IPv4 addresses are placed
                                      before IPv6 addresses) 'ipv6first' (IPv6 addresses
                                      are placed before IPv4 addresses) 'verbatim'
                                      (addresses are in the order the DNS resolver
                                      returned)
  --enable-etw-stack-walking          provides heap data to ETW Windows native tracing
  --enable-fips                       enable FIPS crypto at startup
  --enable-source-maps                Source Map V3 support for stack traces
  --entry-url                         Treat the entrypoint as a URL
  --env-file=...                      set environment variables from supplied file
  --env-file-if-exists=...            set environment variables from supplied file
  -e, --eval=...                      evaluate script
  --experimental-async-context-frame  Improve AsyncLocalStorage performance with
                                      AsyncContextFrame
  --experimental-default-type=...     set module system to use by default
  --experimental-eventsource          experimental EventSource API
  --experimental-import-meta-resolve  experimental ES Module import.meta.resolve()
                                      parentURL support
  --loader, --experimental-loader=... use the specified module as a custom loader
  --experimental-network-inspection   experimental network inspection support
  --experimental-permission           enable the permission system
  --experimental-print-required-tla   Print pending top-level await. If
                                      --experimental-require-module is true, evaluate
                                      asynchronous graphs loaded by `require()` but do
                                      not run the microtasks, in order to to find and
                                      print top-level await in the graph
  --experimental-require-module       Allow loading explicit ES Modules in require().
  --experimental-sea-config=...       Generate a blob that can be embedded into the
                                      single executable application
  --experimental-sqlite               experimental node:sqlite module
  --experimental-strip-types          Experimental type-stripping for TypeScript files.
  --experimental-test-coverage        enable code coverage in the test runner
  --experimental-test-isolation=...   configures the type of test isolation used in the
                                      test runner
  --experimental-test-module-mocks    enable module mocking in the test runner
  --experimental-test-snapshots       enable snapshot testing in the test runner
  --experimental-transform-types      enable transformation of TypeScript-onlysyntax into
                                      JavaScript code
  --experimental-vm-modules           experimental ES Module support in vm module
  --experimental-wasm-modules         experimental ES Module support for webassembly
                                      modules
  --experimental-webstorage           experimental Web Storage API
  --expose-gc                         expose gc extension
  --force-context-aware               disable loading non-context-aware addons
  --force-fips                        force FIPS crypto (cannot be disabled)
  --force-node-api-uncaught-exceptions-policy
                                      enforces 'uncaughtException' event on Node API
                                      asynchronous callbacks
  --frozen-intrinsics                 experimental frozen intrinsics support
  --heap-prof                         Start the V8 heap profiler on start up, and write
                                      the heap profile to disk before exit. If
                                      --heap-prof-dir is not specified, write the profile
                                      to the current working directory.
  --heap-prof-dir=...                 Directory where the V8 heap profiles generated by
                                      --heap-prof will be placed.
  --heap-prof-interval=...            specified sampling interval in bytes for the V8
                                      heap profile generated with --heap-prof. (default:
                                      512 * 1024)
  --heap-prof-name=...                specified file name of the V8 heap profile
                                      generated with --heap-prof
  --heapsnapshot-near-heap-limit=...  Generate heap snapshots whenever V8 is approaching
                                      the heap limit. No more than the specified number
                                      of heap snapshots will be generated.
  --heapsnapshot-signal=...           Generate heap snapshot on specified signal
  -h, --help                          print node command line options (currently set)
  --huge-max-old-generation-size      increase default maximum heap size on machines with
                                      16GB memory or more
  --icu-data-dir=...                  set ICU data load path to dir (overrides
                                      NODE_ICU_DATA) (note: linked-in ICU data is
                                      present)
  --import=...                        ES module to preload (option can be repeated)
  --input-type=...                    set module type for string input
  --insecure-http-parser              use an insecure HTTP parser that accepts invalid
                                      HTTP headers
  --inspect[=[host:]port]             activate inspector on host:port (default:
                                      127.0.0.1:9229)
  --inspect-brk[=[host:]port]         activate inspector on host:port and break at start
                                      of user script
  --debug-port, --inspect-port=[host:]port
                                      set host:port for inspector
  --inspect-publish-uid=...           comma separated list of destinations for inspector
                                      uid(default: stderr,http)
  --inspect-wait[=[host:]port]        activate inspector on host:port and wait for
                                      debugger to be attached
  -i, --interactive                   always enter the REPL even if stdin does not appear
                                      to be a terminal
  --interpreted-frames-native-stack   help system profilers to translate JavaScript
                                      interpreted frames
  --jitless                           disable runtime allocation of executable memory
  --localstorage-file=...             file used to persist localStorage data
  --max-http-header-size=...          set the maximum size of HTTP headers (default:
                                      16384 (16KB))
  --network-family-autoselection-attempt-timeout=...
                                      Sets the default value for the network family
                                      autoselection attempt timeout.
  --no-addons                         disable loading native addons
  --no-deprecation                    silence deprecation warnings
  --no-experimental-detect-module     when ambiguous modules fail to evaluate because
                                      they contain ES module syntax, try again to
                                      evaluate them as ES modules
  --no-experimental-fetch             experimental Fetch API
  --no-experimental-global-customevent
                                      expose experimental CustomEvent on the global scope
  --no-experimental-global-navigator  expose experimental Navigator API on the global
                                      scope
  --no-experimental-global-webcrypto  expose experimental Web Crypto API on the global
                                      scope
  --no-experimental-repl-await        experimental await keyword support in REPL
  --no-experimental-websocket         experimental WebSocket API
  --no-extra-info-on-fatal-exception  hide extra information on fatal exception that
                                      causes exit
  --no-force-async-hooks-checks       disable checks for async_hooks
  --no-global-search-paths            disable global module search paths
  --enable-network-family-autoselection, --no-network-family-autoselection
                                      Disable network address family autodetection
                                      algorithm
  --no-warnings                       silence all process warnings
  --node-memory-debug                 Run with extra debug checks for memory leaks in
                                      Node.js itself
  --openssl-config=...                load OpenSSL configuration from the specified file
                                      (overrides OPENSSL_CONF)
  --openssl-legacy-provider           enable OpenSSL 3.0 legacy provider
  --openssl-shared-config             enable OpenSSL shared configuration
  --pending-deprecation               emit pending deprecation warnings
  --preserve-symlinks                 preserve symbolic links when resolving
  --preserve-symlinks-main            preserve symbolic links when resolving the main
                                      module
  -p, --print [...]                   evaluate script and print result
  --prof                              Generate V8 profiler output.
  --prof-process                      process V8 profiler output generated using --prof
  --redirect-warnings=...             write warnings to file instead of stderr
  --report-compact                    output compact single-line JSON
  --report-directory, --report-dir=...
                                      define custom report pathname. (default: current
                                      working directory)
  --report-exclude-network            exclude network interface diagnostics. (default:
                                      false)
  --report-filename=...               define custom report file name. (default:
                                      YYYYMMDD.HHMMSS.PID.SEQUENCE#.txt)
  --report-on-fatalerror              generate diagnostic report on fatal (internal)
                                      errors
  --report-on-signal                  generate diagnostic report upon receiving signals
  --report-signal=...                 causes diagnostic report to be produced on provided
                                      signal, unsupported in Windows. (default: SIGUSR2)
  --report-uncaught-exception         generate diagnostic report on uncaught exceptions
  -r, --require=...                   CommonJS module to preload (option can be repeated)
  --run=...                           Run a script specified in package.json
  --secure-heap=...                   total size of the OpenSSL secure heap
  --secure-heap-min=...               minimum allocation size from the OpenSSL secure
                                      heap
  --snapshot-blob=...                 Path to the snapshot blob that's either the result
                                      of snapshotbuilding, or the blob that is used to
                                      restore the application state
  --test                              launch test runner on startup
  --test-concurrency=...              specify test runner concurrency
  --test-coverage-branches=...        the branch coverage minimum threshold
  --test-coverage-exclude=...         exclude files from coverage report that match this
                                      glob pattern
  --test-coverage-functions=...       the function coverage minimum threshold
  --test-coverage-include=...         include files in coverage report that match this
                                      glob pattern
  --test-coverage-lines=...           the line coverage minimum threshold
  --test-force-exit                   force test runner to exit upon completion
  --test-name-pattern=...             run tests whose name matches this regular
                                      expression
  --test-only                         run tests with 'only' option set
  --test-reporter=...                 report test output using the given reporter
  --test-reporter-destination=...     report given reporter to the given destination
  --test-shard=...                    run test at specific shard
  --test-skip-pattern=...             run tests whose name do not match this regular
                                      expression
  --test-timeout=...                  specify test runner timeout
  --test-update-snapshots             regenerate test snapshots
  --throw-deprecation                 throw an exception on deprecations
  --title=...                         the process title to use on startup
  --tls-cipher-list=...               use an alternative default TLS cipher list
  --tls-keylog=...                    log TLS decryption keys to named file for traffic
                                      analysis
  --tls-max-v1.2                      set default TLS maximum to TLSv1.2 (default:
                                      TLSv1.3)
  --tls-max-v1.3                      set default TLS maximum to TLSv1.3 (default:
                                      TLSv1.3)
  --tls-min-v1.0                      set default TLS minimum to TLSv1.0 (default:
                                      TLSv1.2)
  --tls-min-v1.1                      set default TLS minimum to TLSv1.1 (default:
                                      TLSv1.2)
  --tls-min-v1.2                      set default TLS minimum to TLSv1.2 (default:
                                      TLSv1.2)
  --tls-min-v1.3                      set default TLS minimum to TLSv1.3 (default:
                                      TLSv1.2)
  --trace-atomics-wait                (deprecated) trace Atomics.wait() operations
  --trace-deprecation                 show stack traces on deprecations
  --trace-event-categories=...        comma separated list of trace event categories to
                                      record
  --trace-event-file-pattern=...      Template string specifying the filepath for the
                                      trace-events data, it supports ${rotation} and
                                      ${pid}.
  --trace-exit                        show stack trace when an environment exits
  --trace-promises                    show stack traces on promise initialization and
                                      resolution
  --trace-sigint                      enable printing JavaScript stacktrace on SIGINT
  --trace-sync-io                     show stack trace when use of sync IO is detected
                                      after the first tick
  --trace-tls                         prints TLS packet trace information to stderr
  --trace-uncaught                    show stack traces for the `throw` behind uncaught
                                      exceptions
  --trace-warnings                    show stack traces on process warnings
  --track-heap-objects                track heap object allocations for heap snapshots
  --unhandled-rejections=...          define unhandled rejections behavior. Options are
                                      'strict' (always raise an error), 'throw' (raise an
                                      error unless 'unhandledRejection' hook is set),
                                      'warn' (log a warning), 'none' (silence warnings),
                                      'warn-with-error-code' (log a warning and set exit
                                      code 1 unless 'unhandledRejection' hook is set).
                                      (default: throw)
  --use-bundled-ca                    use bundled CA store (default)
  --use-largepages=...                Map the Node.js static code to large pages. Options
                                      are 'off' (the default value, meaning do not map),
                                      'on' (map and ignore failure, reporting it to
                                      stderr), or 'silent' (map and silently ignore
                                      failure)
  --use-openssl-ca                    use OpenSSL's default CA store
  --v8-options                        print V8 command line options
  --v8-pool-size=...                  set V8's thread pool size
  -v, --version                       print Node.js version
  --watch                             run in watch mode
  --watch-path=...                    path to watch
  --watch-preserve-output             preserve outputs on watch mode restart
  --zero-fill-buffers                 automatically zero-fill all newly allocated Buffer
                                      and SlowBuffer instances

Environment variables:
FORCE_COLOR                   when set to 'true', 1, 2, 3, or an empty string
                              causes NO_COLOR and NODE_DISABLE_COLORS to be
                              ignored.
NO_COLOR                      Alias for NODE_DISABLE_COLORS
NODE_DEBUG                    ','-separated list of core modules that should
                              print debug information
NODE_DEBUG_NATIVE             ','-separated list of C++ core debug categories
                              that should print debug output
NODE_DISABLE_COLORS           set to 1 to disable colors in the REPL
NODE_EXTRA_CA_CERTS           path to additional CA certificates file. Only read
                              once during process startup.
NODE_NO_WARNINGS              set to 1 to silence process warnings
NODE_PATH                     ';'-separated list of directories prefixed to the
                              module search path
NODE_PENDING_DEPRECATION      set to 1 to emit pending deprecation warnings
NODE_PENDING_PIPE_INSTANCES   set the number of pending pipe instance handles on
                              Windows
NODE_PRESERVE_SYMLINKS        set to 1 to preserve symbolic links when resolving
                              and caching modules
NODE_REDIRECT_WARNINGS        write warnings to path instead of stderr
NODE_REPL_EXTERNAL_MODULE     path to a Node.js module which will be loaded in
                              place of the built-in REPL
NODE_REPL_HISTORY             path to the persistent REPL history file
NODE_SKIP_PLATFORM_CHECK      set to 1 to skip the check for a supported platform
                              during Node.js startup
NODE_TLS_REJECT_UNAUTHORIZED  set to 0 to disable TLS certificate validation
NODE_V8_COVERAGE              directory to output v8 coverage JSON to
TZ                            specify the timezone configuration
UV_THREADPOOL_SIZE            sets the number of threads used in libuv's
                              threadpool

Documentation can be found at https://nodejs.org/

C:\Users\amole\Documents\code\scripts2\posts-mgr>npm install requirejs

added 1 package, and audited 2 packages in 1s

found 0 vulnerabilities

C:\Users\amole\Documents\code\scripts2\posts-mgr>node server.js
file:///C:/Users/amole/Documents/code/scripts2/posts-mgr/server.js:1
var http = require('http');
           ^

ReferenceError: require is not defined in ES module scope, you can use import instead
This file is being treated as an ES module because it has a '.js' file extension and 'C:\Users\amole\Documents\code\scripts2\posts-mgr\package.json' contains "type": "module". To treat it as a CommonJS script, rename it to use the '.cjs' file extension.
    at file:///C:/Users/amole/Documents/code/scripts2/posts-mgr/server.js:1:12
    at ModuleJob.run (node:internal/modules/esm/module_job:268:25)
    at async onImport.tracePromise.__proto__ (node:internal/modules/esm/loader:543:26)
    at async asyncRunEntryPointWithESMLoader (node:internal/modules/run_main:116:5)

Node.js v22.10.0

C:\Users\amole\Documents\code\scripts2\posts-mgr>node mgr.js
file:///C:/Users/amole/Documents/code/scripts2/posts-mgr/mgr.js:3
    nodeRequire: require;
                        ^

SyntaxError: Unexpected token ';'
    at compileSourceTextModule (node:internal/modules/esm/utils:340:16)
    at ModuleLoader.moduleStrategy (node:internal/modules/esm/translators:102:18)
    at #translate (node:internal/modules/esm/loader:433:12)
    at ModuleLoader.loadAndTranslate (node:internal/modules/esm/loader:480:27)
    at async ModuleJob._link (node:internal/modules/esm/module_job:112:19)

Node.js v22.10.0

C:\Users\amole\Documents\code\scripts2\posts-mgr>node mgr.js
file:///C:/Users/amole/Documents/code/scripts2/posts-mgr/mgr.js:1
var requirejs = require('requirejs');
                ^

ReferenceError: require is not defined in ES module scope, you can use import instead
This file is being treated as an ES module because it has a '.js' file extension and 'C:\Users\amole\Documents\code\scripts2\posts-mgr\package.json' contains "type": "module". To treat it as a CommonJS script, rename it to use the '.cjs' file extension.
    at file:///C:/Users/amole/Documents/code/scripts2/posts-mgr/mgr.js:1:17
    at ModuleJob.run (node:internal/modules/esm/module_job:268:25)
    at async onImport.tracePromise.__proto__ (node:internal/modules/esm/loader:543:26)
    at async asyncRunEntryPointWithESMLoader (node:internal/modules/run_main:116:5)

Node.js v22.10.0

C:\Users\amole\Documents\code\scripts2\posts-mgr>node mgr.js
file:///C:/Users/amole/Documents/code/scripts2/posts-mgr/mgr.js:1
var requirejs = require('requirejs');
                ^

ReferenceError: require is not defined in ES module scope, you can use import instead
This file is being treated as an ES module because it has a '.js' file extension and 'C:\Users\amole\Documents\code\scripts2\posts-mgr\package.json' contains "type": "module". To treat it as a CommonJS script, rename it to use the '.cjs' file extension.
    at file:///C:/Users/amole/Documents/code/scripts2/posts-mgr/mgr.js:1:17
    at ModuleJob.run (node:internal/modules/esm/module_job:268:25)
    at async onImport.tracePromise.__proto__ (node:internal/modules/esm/loader:543:26)
    at async asyncRunEntryPointWithESMLoader (node:internal/modules/run_main:116:5)

Node.js v22.10.0

C:\Users\amole\Documents\code\scripts2\posts-mgr>node mgr.js
file:///C:/Users/amole/Documents/code/scripts2/posts-mgr/mgr.js:1
var requirejs = require('requirejs');
                ^

ReferenceError: require is not defined in ES module scope, you can use import instead
This file is being treated as an ES module because it has a '.js' file extension and 'C:\Users\amole\Documents\code\scripts2\posts-mgr\package.json' contains "type": "module". To treat it as a CommonJS script, rename it to use the '.cjs' file extension.
    at file:///C:/Users/amole/Documents/code/scripts2/posts-mgr/mgr.js:1:17
    at ModuleJob.run (node:internal/modules/esm/module_job:268:25)
    at async onImport.tracePromise.__proto__ (node:internal/modules/esm/loader:543:26)
    at async asyncRunEntryPointWithESMLoader (node:internal/modules/run_main:116:5)

Node.js v22.10.0

C:\Users\amole\Documents\code\scripts2\posts-mgr>node mgr.js
loaded

C:\Users\amole\Documents\code\scripts2\posts-mgr>node mgr.js
loaded

C:\Users\amole\Documents\code\scripts2\posts-mgr>node mgr.js
loaded
file:///C:/Users/amole/Documents/code/scripts2/posts-mgr/mgr.js:16
    const files = await fs.readdir(dir_path);
                           ^

TypeError: Cannot read properties of undefined (reading 'readdir')
    at walk_dir (file:///C:/Users/amole/Documents/code/scripts2/posts-mgr/mgr.js:16:28)
    at file:///C:/Users/amole/Documents/code/scripts2/posts-mgr/mgr.js:28:1
    at ModuleJob.run (node:internal/modules/esm/module_job:268:25)
    at async onImport.tracePromise.__proto__ (node:internal/modules/esm/loader:543:26)
    at async asyncRunEntryPointWithESMLoader (node:internal/modules/run_main:116:5)

Node.js v22.10.0

C:\Users\amole\Documents\code\scripts2\posts-mgr>node mgr.js
loaded
node:fs:185
  validateFunction(cb, 'cb');
  ^

TypeError [ERR_INVALID_ARG_TYPE]: The "cb" argument must be of type function. Received undefined
    at makeCallback (node:fs:185:3)
    at Object.readdir (node:fs:1449:14)
    at walk_dir (file:///C:/Users/amole/Documents/code/scripts2/posts-mgr/mgr.js:16:28)
    at file:///C:/Users/amole/Documents/code/scripts2/posts-mgr/mgr.js:28:1
    at ModuleJob.run (node:internal/modules/esm/module_job:268:25)
    at async onImport.tracePromise.__proto__ (node:internal/modules/esm/loader:543:26)
    at async asyncRunEntryPointWithESMLoader (node:internal/modules/run_main:116:5) {
  code: 'ERR_INVALID_ARG_TYPE'
}

Node.js v22.10.0

C:\Users\amole\Documents\code\scripts2\posts-mgr>node mgr.js
loaded
node:fs:185
  validateFunction(cb, 'cb');
  ^

TypeError [ERR_INVALID_ARG_TYPE]: The "cb" argument must be of type function. Received undefined
    at makeCallback (node:fs:185:3)
    at Object.readdir (node:fs:1449:14)
    at walk_dir (file:///C:/Users/amole/Documents/code/scripts2/posts-mgr/mgr.js:16:28)
    at file:///C:/Users/amole/Documents/code/scripts2/posts-mgr/mgr.js:28:1
    at ModuleJob.run (node:internal/modules/esm/module_job:268:25)
    at async onImport.tracePromise.__proto__ (node:internal/modules/esm/loader:543:26)
    at async asyncRunEntryPointWithESMLoader (node:internal/modules/run_main:116:5) {
  code: 'ERR_INVALID_ARG_TYPE'
}

Node.js v22.10.0

C:\Users\amole\Documents\code\scripts2\posts-mgr>node mgr.js
file:///C:/Users/amole/Documents/code/scripts2/posts-mgr/mgr.js:16
    const files = await fs.readdir(dir_path. { withFileTypes: true });
                                             ^

SyntaxError: Unexpected token '{'
    at compileSourceTextModule (node:internal/modules/esm/utils:340:16)
    at ModuleLoader.moduleStrategy (node:internal/modules/esm/translators:102:18)
    at #translate (node:internal/modules/esm/loader:433:12)
    at ModuleLoader.loadAndTranslate (node:internal/modules/esm/loader:480:27)
    at async ModuleJob._link (node:internal/modules/esm/module_job:112:19)

Node.js v22.10.0

C:\Users\amole\Documents\code\scripts2\posts-mgr>node mgr.js
loaded
node:fs:185
  validateFunction(cb, 'cb');
  ^

TypeError [ERR_INVALID_ARG_TYPE]: The "cb" argument must be of type function. Received undefined
    at makeCallback (node:fs:185:3)
    at Object.readdir (node:fs:1449:14)
    at walk_dir (file:///C:/Users/amole/Documents/code/scripts2/posts-mgr/mgr.js:16:28)
    at file:///C:/Users/amole/Documents/code/scripts2/posts-mgr/mgr.js:28:1
    at ModuleJob.run (node:internal/modules/esm/module_job:268:25)
    at async onImport.tracePromise.__proto__ (node:internal/modules/esm/loader:543:26)
    at async asyncRunEntryPointWithESMLoader (node:internal/modules/run_main:116:5) {
  code: 'ERR_INVALID_ARG_TYPE'
}

Node.js v22.10.0

C:\Users\amole\Documents\code\scripts2\posts-mgr>node mgr.js
loaded
file:///C:/Users/amole/Documents/code/scripts2/posts-mgr/mgr.js:20
            const full_path = path.join(dir_path, file.name);
                              ^

ReferenceError: path is not defined
    at file:///C:/Users/amole/Documents/code/scripts2/posts-mgr/mgr.js:20:31
    at Array.map (<anonymous>)
    at walk_dir (file:///C:/Users/amole/Documents/code/scripts2/posts-mgr/mgr.js:19:15)

Node.js v22.10.0

C:\Users\amole\Documents\code\scripts2\posts-mgr>node mgr.js
loaded
.git
audiomicro
desktop
dld-kn2-images
ffmpeg-trim-multiple
get-emojis
image-dl
moon
osho
posts-mgr
self-care
tr-gen
video-parallel

C:\Users\amole\Documents\code\scripts2\posts-mgr>git add -n .
add 'posts-mgr/mgr.js'
add 'posts-mgr/server.js'
add 'posts-mgr/node_modules/.bin/r.js'
add 'posts-mgr/node_modules/.bin/r.js.cmd'
add 'posts-mgr/node_modules/.bin/r.js.ps1'
add 'posts-mgr/node_modules/.bin/r_js'
add 'posts-mgr/node_modules/.bin/r_js.cmd'
add 'posts-mgr/node_modules/.bin/r_js.ps1'
add 'posts-mgr/node_modules/.package-lock.json'
add 'posts-mgr/node_modules/requirejs/README.md'
add 'posts-mgr/node_modules/requirejs/bin/r.js'
add 'posts-mgr/node_modules/requirejs/package.json'
add 'posts-mgr/node_modules/requirejs/require.js'
add 'posts-mgr/package-lock.json'
add 'posts-mgr/package.json'

C:\Users\amole\Documents\code\scripts2\posts-mgr>git status
On branch master
Your branch is ahead of 'origin/master' by 1 commit.
  (use "git push" to publish your local commits)

Changes to be committed:
  (use "git restore --staged <file>..." to unstage)
        renamed:    mgr.html -> mgr2.html

Changes not staged for commit:
  (use "git add <file>..." to update what will be committed)
  (use "git restore <file>..." to discard changes in working directory)
        modified:   ../ffmpeg-trim-multiple/config.txt
        modified:   mgr.js
        modified:   server.js

Untracked files:
  (use "git add <file>..." to include in what will be committed)
        ../image-dl/output.jpg
        node_modules/
        package-lock.json
        package.json


C:\Users\amole\Documents\code\scripts2\posts-mgr>node mgr.js
loaded
.git
audiomicro
desktop
dld-kn2-images
ffmpeg-trim-multiple
get-emojis
image-dl
moon
osho
posts-mgr
self-care
tr-gen
video-parallel
node:internal/fs/promises:950
  const result = await PromisePrototypeThen(
                 ^

Error: ENOENT: no such file or directory, scandir 'C:\Users\amole\Documents\code\scripts2\posts-mgr\.git'
    at async Object.readdir (node:internal/fs/promises:950:18)
    at async walk_dir (file:///C:/Users/amole/Documents/code/scripts2/posts-mgr/mgr.js:17:19) {
  errno: -4058,
  code: 'ENOENT',
  syscall: 'scandir',
  path: 'C:\\Users\\amole\\Documents\\code\\scripts2\\posts-mgr\\.git'
}

Node.js v22.10.0

C:\Users\amole\Documents\code\scripts2\posts-mgr>dir
 Volume in drive C is Windows
 Volume Serial Number is 6E6C-91A1

 Directory of C:\Users\amole\Documents\code\scripts2\posts-mgr

26-07-2025  21:45    <DIR>          .
26-07-2025  20:47    <DIR>          ..
26-07-2025  22:03               850 mgr.js
26-07-2025  20:50               175 mgr2.html
26-07-2025  21:45    <DIR>          node_modules
26-07-2025  21:45               687 package-lock.json
26-07-2025  21:45               308 package.json
26-07-2025  21:39               244 server.js
               5 File(s)          2,264 bytes
               3 Dir(s)  669,824,802,816 bytes free

C:\Users\amole\Documents\code\scripts2\posts-mgr>dir -a
 Volume in drive C is Windows
 Volume Serial Number is 6E6C-91A1

 Directory of C:\Users\amole\Documents\code\scripts2\posts-mgr

File Not Found

C:\Users\amole\Documents\code\scripts2\posts-mgr>dir /a
 Volume in drive C is Windows
 Volume Serial Number is 6E6C-91A1

 Directory of C:\Users\amole\Documents\code\scripts2\posts-mgr

26-07-2025  21:45    <DIR>          .
26-07-2025  20:47    <DIR>          ..
26-07-2025  22:03               850 mgr.js
26-07-2025  20:50               175 mgr2.html
26-07-2025  21:45    <DIR>          node_modules
26-07-2025  21:45               687 package-lock.json
26-07-2025  21:45               308 package.json
26-07-2025  21:39               244 server.js
               5 File(s)          2,264 bytes
               3 Dir(s)  669,824,802,816 bytes free

C:\Users\amole\Documents\code\scripts2\posts-mgr>cd .git
The system cannot find the path specified.

C:\Users\amole\Documents\code\scripts2\posts-mgr>dir /?
Displays a list of files and subdirectories in a directory.

DIR [drive:][path][filename] [/A[[:]attributes]] [/B] [/C] [/D] [/L] [/N]
  [/O[[:]sortorder]] [/P] [/Q] [/R] [/S] [/T[[:]timefield]] [/W] [/X] [/4]

  [drive:][path][filename]
              Specifies drive, directory, and/or files to list.

  /A          Displays files with specified attributes.
  attributes   D  Directories                R  Read-only files
               H  Hidden files               A  Files ready for archiving
               S  System files               I  Not content indexed files
               L  Reparse Points             O  Offline files
               -  Prefix meaning not
  /B          Uses bare format (no heading information or summary).
  /C          Display the thousand separator in file sizes.  This is the
              default.  Use /-C to disable display of separator.
  /D          Same as wide but files are list sorted by column.
  /L          Uses lowercase.
  /N          New long list format where filenames are on the far right.
  /O          List by files in sorted order.
  sortorder    N  By name (alphabetic)       S  By size (smallest first)
               E  By extension (alphabetic)  D  By date/time (oldest first)
               G  Group directories first    -  Prefix to reverse order
  /P          Pauses after each screenful of information.
  /Q          Display the owner of the file.
  /R          Display alternate data streams of the file.
  /S          Displays files in specified directory and all subdirectories.
  /T          Controls which time field displayed or used for sorting
  timefield   C  Creation
              A  Last Access
              W  Last Written
  /W          Uses wide list format.
  /X          This displays the short names generated for non-8dot3 file
              names.  The format is that of /N with the short name inserted
              before the long name. If no short name is present, blanks are
              displayed in its place.
  /4          Displays four-digit years

Switches may be preset in the DIRCMD environment variable.  Override
preset switches by prefixing any switch with - (hyphen)--for example, /-W.

C:\Users\amole\Documents\code\scripts2\posts-mgr>dir /h
Invalid switch - "h".

C:\Users\amole\Documents\code\scripts2\posts-mgr>dir /H
Invalid switch - "H".

C:\Users\amole\Documents\code\scripts2\posts-mgr>dir /A h
 Volume in drive C is Windows
 Volume Serial Number is 6E6C-91A1

 Directory of C:\Users\amole\Documents\code\scripts2\posts-mgr

File Not Found

C:\Users\amole\Documents\code\scripts2\posts-mgr>node mgr.js
loaded
skipping, hidden .git
audiomicro
desktop
dld-kn2-images
ffmpeg-trim-multiple
get-emojis
image-dl
moon
osho
posts-mgr
self-care
tr-gen
video-parallel
node:internal/fs/promises:950
  const result = await PromisePrototypeThen(
                 ^

Error: ENOENT: no such file or directory, scandir 'C:\Users\amole\Documents\code\scripts2\posts-mgr\audiomicro'
    at async Object.readdir (node:internal/fs/promises:950:18)
    at async walk_dir (file:///C:/Users/amole/Documents/code/scripts2/posts-mgr/mgr.js:19:19) {
  errno: -4058,
  code: 'ENOENT',
  syscall: 'scandir',
  path: 'C:\\Users\\amole\\Documents\\code\\scripts2\\posts-mgr\\audiomicro'
}

Node.js v22.10.0

C:\Users\amole\Documents\code\scripts2\posts-mgr>node mgr.js
loaded
skipping, hidden .git
audiomicro
desktop
dld-kn2-images
ffmpeg-trim-multiple
get-emojis
image-dl
moon
osho
posts-mgr
self-care
tr-gen
video-parallel
Description
output
test
trimmer
output
Description
output
urls
node_modules
output
urls
description
description
output
urls
skipping, hidden .bin
requirejs
bin

C:\Users\amole\Documents\code\scripts2\posts-mgr>node mgr.js
loaded
level 0 skipping, hidden .git
level 0 audiomicro
level 0 desktop
level 0 dld-kn2-images
level 0 ffmpeg-trim-multiple
level 0 get-emojis
level 0 image-dl
level 0 moon
level 0 osho
level 0 posts-mgr
level 0 self-care
level 0 tr-gen
level 0 video-parallel
node:internal/fs/promises:946
  path = getValidatedPath(path);
         ^

TypeError [ERR_INVALID_ARG_TYPE]: The "path" argument must be of type string or an instance of Buffer or URL. Received type number (NaN)
    at Object.readdir (node:internal/fs/promises:946:10)
    at walk_dir (file:///C:/Users/amole/Documents/code/scripts2/posts-mgr/mgr.js:19:28)
    at file:///C:/Users/amole/Documents/code/scripts2/posts-mgr/mgr.js:29:21
    at Array.map (<anonymous>)
    at walk_dir (file:///C:/Users/amole/Documents/code/scripts2/posts-mgr/mgr.js:22:15) {
  code: 'ERR_INVALID_ARG_TYPE'
}

Node.js v22.10.0

C:\Users\amole\Documents\code\scripts2\posts-mgr>node mgr.js
loaded
level 0 skipping, hidden .git
level 0 audiomicro
level 0 desktop
level 0 dld-kn2-images
level 0 ffmpeg-trim-multiple
level 0 get-emojis
level 0 image-dl
level 0 moon
level 0 osho
level 0 posts-mgr
level 0 self-care
level 0 tr-gen
level 0 video-parallel
level 1 Description
level 1 output
level 1 test
level 1 trimmer
level 1 output
level 1 Description
level 1 output
level 1 urls
level 1 node_modules
level 1 output
level 1 urls
level 1 description
level 1 description
level 1 output
level 1 urls
level 2 skipping, hidden .bin
level 2 requirejs
level 3 bin

C:\Users\amole\Documents\code\scripts2\posts-mgr>node mgr.js
loaded
         skipping, hidden .git
        audiomicro
        desktop
        dld-kn2-images
        ffmpeg-trim-multiple
        get-emojis
        image-dl
        moon
        osho
        posts-mgr
        self-care
        tr-gen
        video-parallel
                Description
                output
                test
                trimmer
                output
                Description
                output
                urls
                node_modules
                output
                urls
                description
                description
                output
                urls
                         skipping, hidden .bin
                        requirejs
                                bin

C:\Users\amole\Documents\code\scripts2\posts-mgr>node mgr.js
loaded
 skipping, hidden .git
audiomicro
desktop
dld-kn2-images
ffmpeg-trim-multiple
get-emojis
image-dl
moon
osho
posts-mgr
self-care
tr-gen
video-parallel
        Description
        output
        test
        trimmer
        output
        Description
        output
        urls
        node_modules
        output
        urls
        description
        description
        output
        urls
                 skipping, hidden .bin
                requirejs
                        bin

C:\Users\amole\Documents\code\scripts2\posts-mgr>node mgr.js
loaded
  skipping, hidden .git
 audiomicro
 desktop
 dld-kn2-images
 ffmpeg-trim-multiple
 get-emojis
 image-dl
 moon
 osho
 posts-mgr
 self-care
 tr-gen
 video-parallel
  Description
  output
  test
  trimmer
  output
  Description
  output
  urls
  node_modules
  output
  urls
  description
  description
  output
  urls
    skipping, hidden .bin
   requirejs
    bin

C:\Users\amole\Documents\code\scripts2\posts-mgr>node mgr.js
file:///C:/Users/amole/Documents/code/scripts2/posts-mgr/mgr.js:29
                    await walk_dir(path.join(full_path), level + " ");
                    ^^^^^

SyntaxError: Unexpected reserved word
    at compileSourceTextModule (node:internal/modules/esm/utils:340:16)
    at ModuleLoader.moduleStrategy (node:internal/modules/esm/translators:102:18)
    at #translate (node:internal/modules/esm/loader:433:12)
    at ModuleLoader.loadAndTranslate (node:internal/modules/esm/loader:480:27)
    at async ModuleJob._link (node:internal/modules/esm/module_job:112:19)

Node.js v22.10.0

C:\Users\amole\Documents\code\scripts2\posts-mgr>git add -n .
add 'posts-mgr/mgr.js'

C:\Users\amole\Documents\code\scripts2\posts-mgr>git add .

C:\Users\amole\Documents\code\scripts2\posts-mgr>git commit -m "In progress, adding dictionary to track the dir structure."
[master 5942aaf] In progress, adding dictionary to track the dir structure.
 1 file changed, 12 insertions(+), 3 deletions(-)

C:\Users\amole\Documents\code\scripts2\posts-mgr>git push
Enter passphrase for key '/c/Users/amole/.ssh/id_ed25519':
Enumerating objects: 18, done.
Counting objects: 100% (18/18), done.
Delta compression using up to 12 threads
Compressing objects: 100% (17/17), done.
Writing objects: 100% (17/17), 2.62 KiB | 670.00 KiB/s, done.
Total 17 (delta 7), reused 0 (delta 0), pack-reused 0 (from 0)
remote: Resolving deltas: 100% (7/7), completed with 1 local object.
To github.com:amol10/scripts2.git
   2650d36..5942aaf  master -> master

C:\Users\amole\Documents\code\scripts2\posts-mgr>
