Microsoft Windows [Version 10.0.26100.4652]
(c) Microsoft Corporation. All rights reserved.

C:\Users\amole>cd Documents\code\scripts2

C:\Users\amole\Documents\code\scripts2>md headless

C:\Users\amole\Documents\code\scripts2>cd headless

C:\Users\amole\Documents\code\scripts2\headless>npm install playwright

added 2 packages, and audited 657 packages in 31s

60 packages are looking for funding
  run `npm fund` for details

2 low severity vulnerabilities

To address all issues, run:
  npm audit fix

Run `npm audit` for details.

C:\Users\amole\Documents\code\scripts2\headless>npm init playwright
Need to install the following packages:
create-playwright@1.17.136
Ok to proceed? (y)
npm error canceled
npm error A complete log of this run can be found in: C:\Users\amole\AppData\Local\npm-cache\_logs\2025-08-01T14_12_50_717Z-debug-0.log

C:\Users\amole\Documents\code\scripts2\headless>npm init playwright@latest
Need to install the following packages:
create-playwright@1.17.136
Ok to proceed? (y) y


> npx
> create-playwright

Getting started with writing end-to-end tests with Playwright:
Initializing project in '.'
âˆš Do you want to use TypeScript or JavaScript? Â· TypeScript
âˆš Where to put your end-to-end tests? Â· tests
âˆš Add a GitHub Actions workflow? (y/N) Â· false
âˆš Install Playwright browsers (can be done manually via 'npx playwright install')? (Y/n) Â· true
Initializing NPM project (npm init -y)â€¦
Wrote to C:\Users\amole\Documents\code\scripts2\headless\package.json:

{
  "name": "headless",
  "version": "1.0.0",
  "main": "index.js",
  "scripts": {
    "test": "echo \"Error: no test specified\" && exit 1"
  },
  "keywords": [],
  "author": "",
  "license": "ISC",
  "description": ""
}



Installing Playwright Test (npm install --save-dev @playwright/test)â€¦

added 3 packages, and audited 4 packages in 6s

found 0 vulnerabilities
Installing Types (npm install --save-dev @types/node)â€¦

added 2 packages, and audited 6 packages in 5s

found 0 vulnerabilities
Writing playwright.config.ts.
Writing tests\example.spec.ts.
Writing tests-examples\demo-todo-app.spec.ts.
Writing package.json.
Downloading browsers (npx playwright install)â€¦
Downloading Chromium 139.0.7258.5 (playwright build v1181) from https://cdn.playwright.dev/dbazure/download/playwright/builds/chromium/1181/chromium-win64.zip
146.9 MiB [====================] 100% 0.0s
Chromium 139.0.7258.5 (playwright build v1181) downloaded to C:\Users\amole\AppData\Local\ms-playwright\chromium-1181
Downloading Chromium Headless Shell 139.0.7258.5 (playwright build v1181) from https://cdn.playwright.dev/dbazure/download/playwright/builds/chromium/1181/chromium-headless-shell-win64.zip
90.4 MiB [====================] 100% 0.0s
Chromium Headless Shell 139.0.7258.5 (playwright build v1181) downloaded to C:\Users\amole\AppData\Local\ms-playwright\chromium_headless_shell-1181
Downloading Firefox 140.0.2 (playwright build v1489) from https://cdn.playwright.dev/dbazure/download/playwright/builds/firefox/1489/firefox-win64.zip
93.5 MiB [====================] 100% 0.0s
Firefox 140.0.2 (playwright build v1489) downloaded to C:\Users\amole\AppData\Local\ms-playwright\firefox-1489
Downloading Webkit 26.0 (playwright build v2191) from https://cdn.playwright.dev/dbazure/download/playwright/builds/webkit/2191/webkit-win64.zip
56.9 MiB [====================] 100% 0.0s
Webkit 26.0 (playwright build v2191) downloaded to C:\Users\amole\AppData\Local\ms-playwright\webkit-2191
Downloading FFMPEG playwright build v1011 from https://cdn.playwright.dev/dbazure/download/playwright/builds/ffmpeg/1011/ffmpeg-win64.zip
1.3 MiB [====================] 100% 0.0s
FFMPEG playwright build v1011 downloaded to C:\Users\amole\AppData\Local\ms-playwright\ffmpeg-1011
Downloading Winldd playwright build v1007 from https://cdn.playwright.dev/dbazure/download/playwright/builds/winldd/1007/winldd-win64.zip
0.1 MiB [====================] 100% 0.0s
Winldd playwright build v1007 downloaded to C:\Users\amole\AppData\Local\ms-playwright\winldd-1007
âœ” Success! Created a Playwright Test project at C:\Users\amole\Documents\code\scripts2\headless

Inside that directory, you can run several commands:

  npx playwright test
    Runs the end-to-end tests.

  npx playwright test --ui
    Starts the interactive UI mode.

  npx playwright test --project=chromium
    Runs the tests only on Desktop Chrome.

  npx playwright test example
    Runs the tests in a specific file.

  npx playwright test --debug
    Runs the tests in debug mode.

  npx playwright codegen
    Auto generate tests with Codegen.

We suggest that you begin by typing:

    npx playwright test

And check out the following files:
  - .\tests\example.spec.ts - Example end-to-end test
  - .\tests-examples\demo-todo-app.spec.ts - Demo Todo App end-to-end tests
  - .\playwright.config.ts - Playwright Test configuration

Visit https://playwright.dev/docs/intro for more information. âœ¨

Happy hacking! ðŸŽ­

C:\Users\amole\Documents\code\scripts2\headless>npx playwright test

Running 6 tests using 6 workers
  6 passed (31.6s)

To open last HTML report run:

  npx playwright show-report


C:\Users\amole\Documents\code\scripts2\headless>dir
 Volume in drive C is Windows
 Volume Serial Number is 6E6C-91A1

 Directory of C:\Users\amole\Documents\code\scripts2\headless

01-08-2025  20:10    <DIR>          .
01-08-2025  19:41    <DIR>          ..
01-08-2025  19:44                97 .gitignore
01-08-2025  19:44    <DIR>          node_modules
01-08-2025  19:44             2,969 package-lock.json
01-08-2025  19:44               253 package.json
01-08-2025  20:10    <DIR>          playwright-report
01-08-2025  19:44             2,178 playwright.config.ts
01-08-2025  19:55               195 shot.ts
01-08-2025  20:10    <DIR>          test-results
01-08-2025  19:44    <DIR>          tests
01-08-2025  19:44    <DIR>          tests-examples
               5 File(s)          5,692 bytes
               7 Dir(s)  637,181,927,424 bytes free

C:\Users\amole\Documents\code\scripts2\headless>node shot.ts
node:internal/modules/esm/get_format:218
  throw new ERR_UNKNOWN_FILE_EXTENSION(ext, filepath);
        ^

TypeError [ERR_UNKNOWN_FILE_EXTENSION]: Unknown file extension ".ts" for C:\Users\amole\Documents\code\scripts2\headless\shot.ts
    at Object.getFileProtocolModuleFormat [as file:] (node:internal/modules/esm/get_format:218:9)
    at defaultGetFormat (node:internal/modules/esm/get_format:244:36)
    at defaultLoad (node:internal/modules/esm/load:122:22)
    at async ModuleLoader.loadAndTranslate (node:internal/modules/esm/loader:479:32)
    at async ModuleJob._link (node:internal/modules/esm/module_job:112:19) {
  code: 'ERR_UNKNOWN_FILE_EXTENSION'
}

Node.js v22.10.0

C:\Users\amole\Documents\code\scripts2\headless>npx playwright test

Running 6 tests using 6 workers
  6 passed (18.5s)

To open last HTML report run:

  npx playwright show-report


C:\Users\amole\Documents\code\scripts2\headless>dir
 Volume in drive C is Windows
 Volume Serial Number is 6E6C-91A1

 Directory of C:\Users\amole\Documents\code\scripts2\headless

01-08-2025  20:14    <DIR>          .
01-08-2025  19:41    <DIR>          ..
01-08-2025  19:44                97 .gitignore
01-08-2025  19:44    <DIR>          node_modules
01-08-2025  19:44             2,969 package-lock.json
01-08-2025  19:44               253 package.json
01-08-2025  20:14    <DIR>          playwright-report
01-08-2025  19:44             2,178 playwright.config.ts
01-08-2025  20:14    <DIR>          test-results
01-08-2025  20:13    <DIR>          tests
01-08-2025  19:44    <DIR>          tests-examples
               4 File(s)          5,497 bytes
               7 Dir(s)  636,823,306,240 bytes free

C:\Users\amole\Documents\code\scripts2\headless>npx playwright test
SyntaxError: C:\Users\amole\Documents\code\scripts2\headless\tests\example.spec.ts: Unexpected token, expected "," (21:41)

  19 |
  20 | //Amol
> 21 | test('Page Screenshot', async ({ page }) {
     |                                          ^
  22 |     await page.goto('https://onedrive.live.com');
  23 |     await page.screenshot({ path: 'live.png'});
  24 | });

   at example.spec.ts:21

  19 |
  20 | //Amol
> 21 | test('Page Screenshot', async ({ page }) {
     |                                         ^
  22 |     await page.goto('https://onedrive.live.com');
  23 |     await page.screenshot({ path: 'live.png'});
  24 | });

Error: No tests found

To open last HTML report run:

  npx playwright show-report


C:\Users\amole\Documents\code\scripts2\headless>npx playwright test

Running 9 tests using 6 workers
  1) [chromium] â€º tests\example.spec.ts:21:5 â€º Page Screenshot â”€â”€â”€â”€â”€â”€â”€â”€â”€â”€â”€â”€â”€â”€â”€â”€â”€â”€â”€â”€â”€â”€â”€â”€â”€â”€â”€â”€â”€â”€â”€â”€â”€â”€â”€â”€â”€

    Test timeout of 30000ms exceeded.

    Error: page.goto: Test timeout of 30000ms exceeded.
    Call log:
      - navigating to "https://onedrive.live.com/", waiting until "load"


      20 | //Amol
      21 | test('Page Screenshot', async ({ page }) => {
    > 22 |     await page.goto('https://onedrive.live.com');
         |                ^
      23 |     await page.screenshot({ path: 'live.png'});
      24 | });
      25 |
        at C:\Users\amole\Documents\code\scripts2\headless\tests\example.spec.ts:22:16

    Error Context: test-results\example-Page-Screenshot-chromium\error-context.md

  2) [firefox] â€º tests\example.spec.ts:21:5 â€º Page Screenshot â”€â”€â”€â”€â”€â”€â”€â”€â”€â”€â”€â”€â”€â”€â”€â”€â”€â”€â”€â”€â”€â”€â”€â”€â”€â”€â”€â”€â”€â”€â”€â”€â”€â”€â”€â”€â”€â”€

    Test timeout of 30000ms exceeded.

    Error: page.goto: Test timeout of 30000ms exceeded.
    Call log:
      - navigating to "https://onedrive.live.com/", waiting until "load"


      20 | //Amol
      21 | test('Page Screenshot', async ({ page }) => {
    > 22 |     await page.goto('https://onedrive.live.com');
         |                ^
      23 |     await page.screenshot({ path: 'live.png'});
      24 | });
      25 |
        at C:\Users\amole\Documents\code\scripts2\headless\tests\example.spec.ts:22:16

    Error Context: test-results\example-Page-Screenshot-firefox\error-context.md

  2 failed
    [chromium] â€º tests\example.spec.ts:21:5 â€º Page Screenshot â”€â”€â”€â”€â”€â”€â”€â”€â”€â”€â”€â”€â”€â”€â”€â”€â”€â”€â”€â”€â”€â”€â”€â”€â”€â”€â”€â”€â”€â”€â”€â”€â”€â”€â”€â”€â”€â”€
    [firefox] â€º tests\example.spec.ts:21:5 â€º Page Screenshot â”€â”€â”€â”€â”€â”€â”€â”€â”€â”€â”€â”€â”€â”€â”€â”€â”€â”€â”€â”€â”€â”€â”€â”€â”€â”€â”€â”€â”€â”€â”€â”€â”€â”€â”€â”€â”€â”€â”€
  7 passed (43.4s)

  Serving HTML report at http://localhost:9323. Press Ctrl+C to quit.
Terminate batch job (Y/N)? y

C:\Users\amole\Documents\code\scripts2\headless>dir
 Volume in drive C is Windows
 Volume Serial Number is 6E6C-91A1

 Directory of C:\Users\amole\Documents\code\scripts2\headless

01-08-2025  20:16    <DIR>          .
01-08-2025  19:41    <DIR>          ..
01-08-2025  19:44                97 .gitignore
01-08-2025  20:16         1,422,732 live.png
01-08-2025  19:44    <DIR>          node_modules
01-08-2025  19:44             2,969 package-lock.json
01-08-2025  19:44               253 package.json
01-08-2025  20:16    <DIR>          playwright-report
01-08-2025  19:44             2,178 playwright.config.ts
01-08-2025  20:16    <DIR>          test-results
01-08-2025  20:13    <DIR>          tests
01-08-2025  19:44    <DIR>          tests-examples
               5 File(s)      1,428,229 bytes
               7 Dir(s)  636,887,003,136 bytes free

C:\Users\amole\Documents\code\scripts2\headless>
